../Core/Src/mdbus_slave/mdbus_slave.c:16:6:mdbus_on_packet_send	64	static
../Core/Src/mdbus_slave/mdbus_slave.c:26:6:mdbus_on_packet_receive	192	static
../Core/Src/mdbus_slave/mdbus_slave.c:37:6:mdbus_slave_run	8	static
../Core/Src/mdbus_slave/mdbus_slave.c:65:6:mdbus_make_packet	24	static
../Core/Src/mdbus_slave/mdbus_slave.c:79:6:mdbus_slave_configure	8	static
../Core/Src/mdbus_slave/mdbus_slave.c:84:6:idle	8	static
../Core/Src/mdbus_slave/mdbus_slave.c:88:6:emision_start	8	static
../Core/Src/mdbus_slave/mdbus_slave.c:92:6:emision	8	static
../Core/Src/mdbus_slave/mdbus_slave.c:96:6:emision_end	8	static
../Core/Src/mdbus_slave/mdbus_slave.c:100:6:reception	8	static
../Core/Src/mdbus_slave/mdbus_slave.c:104:6:wait_end_of_frame	8	static
../Core/Src/mdbus_slave/mdbus_slave.c:108:6:bad_mdbus_state	8	static
