../Core/Src/mdbus_slave/mdbus_slave.c:17:6:mdbus_on_packet_send	72	static
../Core/Src/mdbus_slave/mdbus_slave.c:28:6:mdbus_on_packet_receive	192	static
../Core/Src/mdbus_slave/mdbus_slave.c:39:6:mdbus_slave_run	8	static
../Core/Src/mdbus_slave/mdbus_slave.c:67:6:mdbus_make_packet	24	static
../Core/Src/mdbus_slave/mdbus_slave.c:81:6:mdbus_slave_configure	8	static
../Core/Src/mdbus_slave/mdbus_slave.c:86:6:idle	8	static
../Core/Src/mdbus_slave/mdbus_slave.c:90:6:emision_start	8	static
../Core/Src/mdbus_slave/mdbus_slave.c:94:6:emision	8	static
../Core/Src/mdbus_slave/mdbus_slave.c:98:6:emision_end	8	static
../Core/Src/mdbus_slave/mdbus_slave.c:102:6:reception	8	static
../Core/Src/mdbus_slave/mdbus_slave.c:106:6:wait_end_of_frame	8	static
../Core/Src/mdbus_slave/mdbus_slave.c:110:6:bad_mdbus_state	8	static
