Archive member included to satisfy reference by file (symbol)

d:/my/programs/stm32cubeide_1.9.0/stm32cubeide/plugins/com.st.stm32cube.ide.mcu.externaltools.gnu-tools-for-stm32.10.3-2021.10.win32_1.0.0.202111181127/tools/bin/../lib/gcc/arm-none-eabi/10.3.1/../../../../arm-none-eabi/lib/thumb/v6-m/nofp\libc_nano.a(lib_a-errno.o)
                              ./Core/Src/syscalls.o (__errno)
d:/my/programs/stm32cubeide_1.9.0/stm32cubeide/plugins/com.st.stm32cube.ide.mcu.externaltools.gnu-tools-for-stm32.10.3-2021.10.win32_1.0.0.202111181127/tools/bin/../lib/gcc/arm-none-eabi/10.3.1/../../../../arm-none-eabi/lib/thumb/v6-m/nofp\libc_nano.a(lib_a-exit.o)
                              d:/my/programs/stm32cubeide_1.9.0/stm32cubeide/plugins/com.st.stm32cube.ide.mcu.externaltools.gnu-tools-for-stm32.10.3-2021.10.win32_1.0.0.202111181127/tools/bin/../lib/gcc/arm-none-eabi/10.3.1/../../../../arm-none-eabi/lib/thumb/v6-m/nofp/crt0.o (exit)
d:/my/programs/stm32cubeide_1.9.0/stm32cubeide/plugins/com.st.stm32cube.ide.mcu.externaltools.gnu-tools-for-stm32.10.3-2021.10.win32_1.0.0.202111181127/tools/bin/../lib/gcc/arm-none-eabi/10.3.1/../../../../arm-none-eabi/lib/thumb/v6-m/nofp\libc_nano.a(lib_a-impure.o)
                              d:/my/programs/stm32cubeide_1.9.0/stm32cubeide/plugins/com.st.stm32cube.ide.mcu.externaltools.gnu-tools-for-stm32.10.3-2021.10.win32_1.0.0.202111181127/tools/bin/../lib/gcc/arm-none-eabi/10.3.1/../../../../arm-none-eabi/lib/thumb/v6-m/nofp\libc_nano.a(lib_a-exit.o) (_global_impure_ptr)
d:/my/programs/stm32cubeide_1.9.0/stm32cubeide/plugins/com.st.stm32cube.ide.mcu.externaltools.gnu-tools-for-stm32.10.3-2021.10.win32_1.0.0.202111181127/tools/bin/../lib/gcc/arm-none-eabi/10.3.1/../../../../arm-none-eabi/lib/thumb/v6-m/nofp\libc_nano.a(lib_a-init.o)
                              d:/my/programs/stm32cubeide_1.9.0/stm32cubeide/plugins/com.st.stm32cube.ide.mcu.externaltools.gnu-tools-for-stm32.10.3-2021.10.win32_1.0.0.202111181127/tools/bin/../lib/gcc/arm-none-eabi/10.3.1/../../../../arm-none-eabi/lib/thumb/v6-m/nofp/crt0.o (__libc_init_array)
d:/my/programs/stm32cubeide_1.9.0/stm32cubeide/plugins/com.st.stm32cube.ide.mcu.externaltools.gnu-tools-for-stm32.10.3-2021.10.win32_1.0.0.202111181127/tools/bin/../lib/gcc/arm-none-eabi/10.3.1/../../../../arm-none-eabi/lib/thumb/v6-m/nofp\libc_nano.a(lib_a-memset.o)
                              d:/my/programs/stm32cubeide_1.9.0/stm32cubeide/plugins/com.st.stm32cube.ide.mcu.externaltools.gnu-tools-for-stm32.10.3-2021.10.win32_1.0.0.202111181127/tools/bin/../lib/gcc/arm-none-eabi/10.3.1/../../../../arm-none-eabi/lib/thumb/v6-m/nofp/crt0.o (memset)
d:/my/programs/stm32cubeide_1.9.0/stm32cubeide/plugins/com.st.stm32cube.ide.mcu.externaltools.gnu-tools-for-stm32.10.3-2021.10.win32_1.0.0.202111181127/tools/bin/../lib/gcc/arm-none-eabi/10.3.1/thumb/v6-m/nofp\libgcc.a(_udivsi3.o)
                              ./Core/Src/system_stm32g0xx.o (__aeabi_uidiv)
d:/my/programs/stm32cubeide_1.9.0/stm32cubeide/plugins/com.st.stm32cube.ide.mcu.externaltools.gnu-tools-for-stm32.10.3-2021.10.win32_1.0.0.202111181127/tools/bin/../lib/gcc/arm-none-eabi/10.3.1/thumb/v6-m/nofp\libgcc.a(_divsi3.o)
                              ./Drivers/STM32G0xx_HAL_Driver/Src/stm32g0xx_hal_uart_ex.o (__aeabi_idiv)
d:/my/programs/stm32cubeide_1.9.0/stm32cubeide/plugins/com.st.stm32cube.ide.mcu.externaltools.gnu-tools-for-stm32.10.3-2021.10.win32_1.0.0.202111181127/tools/bin/../lib/gcc/arm-none-eabi/10.3.1/thumb/v6-m/nofp\libgcc.a(_dvmd_tls.o)
                              d:/my/programs/stm32cubeide_1.9.0/stm32cubeide/plugins/com.st.stm32cube.ide.mcu.externaltools.gnu-tools-for-stm32.10.3-2021.10.win32_1.0.0.202111181127/tools/bin/../lib/gcc/arm-none-eabi/10.3.1/thumb/v6-m/nofp\libgcc.a(_udivsi3.o) (__aeabi_idiv0)
d:/my/programs/stm32cubeide_1.9.0/stm32cubeide/plugins/com.st.stm32cube.ide.mcu.externaltools.gnu-tools-for-stm32.10.3-2021.10.win32_1.0.0.202111181127/tools/bin/../lib/gcc/arm-none-eabi/10.3.1/thumb/v6-m/nofp\libgcc.a(_aeabi_uldivmod.o)
                              ./Drivers/STM32G0xx_HAL_Driver/Src/stm32g0xx_hal_uart.o (__aeabi_uldivmod)
d:/my/programs/stm32cubeide_1.9.0/stm32cubeide/plugins/com.st.stm32cube.ide.mcu.externaltools.gnu-tools-for-stm32.10.3-2021.10.win32_1.0.0.202111181127/tools/bin/../lib/gcc/arm-none-eabi/10.3.1/thumb/v6-m/nofp\libgcc.a(_udivmoddi4.o)
                              d:/my/programs/stm32cubeide_1.9.0/stm32cubeide/plugins/com.st.stm32cube.ide.mcu.externaltools.gnu-tools-for-stm32.10.3-2021.10.win32_1.0.0.202111181127/tools/bin/../lib/gcc/arm-none-eabi/10.3.1/thumb/v6-m/nofp\libgcc.a(_aeabi_uldivmod.o) (__udivmoddi4)
d:/my/programs/stm32cubeide_1.9.0/stm32cubeide/plugins/com.st.stm32cube.ide.mcu.externaltools.gnu-tools-for-stm32.10.3-2021.10.win32_1.0.0.202111181127/tools/bin/../lib/gcc/arm-none-eabi/10.3.1/thumb/v6-m/nofp\libgcc.a(_clzdi2.o)
[...]
Memory Configuration

Name             Origin             Length             Attributes
RAM              0x0000000020000000 0x0000000000009000 xrw
FLASH            0x0000000008000000 0x0000000000020000 xr
*default*        0x0000000000000000 0xffffffffffffffff

Linker script and memory map

LOAD d:/my/programs/stm32cubeide_1.9.0/stm32cubeide/plugins/com.st.stm32cube.ide.mcu.externaltools.gnu-tools-for-stm32.10.3-2021.10.win32_1.0.0.202111181127/tools/bin/../lib/gcc/arm-none-eabi/10.3.1/thumb/v6-m/nofp/crti.o
LOAD d:/my/programs/stm32cubeide_1.9.0/stm32cubeide/plugins/com.st.stm32cube.ide.mcu.externaltools.gnu-tools-for-stm32.10.3-2021.10.win32_1.0.0.202111181127/tools/bin/../lib/gcc/arm-none-eabi/10.3.1/thumb/v6-m/nofp/crtbegin.o
LOAD d:/my/programs/stm32cubeide_1.9.0/stm32cubeide/plugins/com.st.stm32cube.ide.mcu.externaltools.gnu-tools-for-stm32.10.3-2021.10.win32_1.0.0.202111181127/tools/bin/../lib/gcc/arm-none-eabi/10.3.1/../../../../arm-none-eabi/lib/thumb/v6-m/nofp/crt0.o
LOAD ./Core/Src/main.o
LOAD ./Core/Src/stm32g0xx_hal_msp.o
LOAD ./Core/Src/stm32g0xx_it.o
LOAD ./Core/Src/syscalls.o
LOAD ./Core/Src/sysmem.o
LOAD ./Core/Src/system_stm32g0xx.o
LOAD ./Core/Src/mdbus_slave/circular_buffer.o
LOAD ./Core/Src/mdbus_slave/mdbus_slave.o
LOAD ./Core/Startup/startup_stm32g071rbtx.o
LOAD ./Drivers/STM32G0xx_HAL_Driver/Src/stm32g0xx_hal.o
LOAD ./Drivers/STM32G0xx_HAL_Driver/Src/stm32g0xx_hal_cortex.o
LOAD ./Drivers/STM32G0xx_HAL_Driver/Src/stm32g0xx_hal_dma.o
LOAD ./Drivers/STM32G0xx_HAL_Driver/Src/stm32g0xx_hal_dma_ex.o
LOAD ./Drivers/STM32G0xx_HAL_Driver/Src/stm32g0xx_hal_exti.o
LOAD ./Drivers/STM32G0xx_HAL_Driver/Src/stm32g0xx_hal_flash.o
LOAD ./Drivers/STM32G0xx_HAL_Driver/Src/stm32g0xx_hal_flash_ex.o
LOAD ./Drivers/STM32G0xx_HAL_Driver/Src/stm32g0xx_hal_gpio.o
LOAD ./Drivers/STM32G0xx_HAL_Driver/Src/stm32g0xx_hal_pwr.o
LOAD ./Drivers/STM32G0xx_HAL_Driver/Src/stm32g0xx_hal_pwr_ex.o
LOAD ./Drivers/STM32G0xx_HAL_Driver/Src/stm32g0xx_hal_rcc.o
LOAD ./Drivers/STM32G0xx_HAL_Driver/Src/stm32g0xx_hal_rcc_ex.o
LOAD ./Drivers/STM32G0xx_HAL_Driver/Src/stm32g0xx_hal_tim.o
LOAD ./Drivers/STM32G0xx_HAL_Driver/Src/stm32g0xx_hal_tim_ex.o
LOAD ./Drivers/STM32G0xx_HAL_Driver/Src/stm32g0xx_hal_uart.o
LOAD ./Drivers/STM32G0xx_HAL_Driver/Src/stm32g0xx_hal_uart_ex.o
LOAD ./Drivers/STM32G0xx_HAL_Driver/Src/stm32g0xx_ll_dma.o
LOAD ./Drivers/STM32G0xx_HAL_Driver/Src/stm32g0xx_ll_rcc.o
START GROUP
LOAD d:/my/programs/stm32cubeide_1.9.0/stm32cubeide/plugins/com.st.stm32cube.ide.mcu.externaltools.gnu-tools-for-stm32.10.3-2021.10.win32_1.0.0.202111181127/tools/bin/../lib/gcc/arm-none-eabi/10.3.1/../../../../arm-none-eabi/lib/thumb/v6-m/nofp\libc_nano.a
LOAD d:/my/programs/stm32cubeide_1.9.0/stm32cubeide/plugins/com.st.stm32cube.ide.mcu.externaltools.gnu-tools-for-stm32.10.3-2021.10.win32_1.0.0.202111181127/tools/bin/../lib/gcc/arm-none-eabi/10.3.1/../../../../arm-none-eabi/lib/thumb/v6-m/nofp\libm.a
END GROUP
START GROUP
LOAD d:/my/programs/stm32cubeide_1.9.0/stm32cubeide/plugins/com.st.stm32cube.ide.mcu.externaltools.gnu-tools-for-stm32.10.3-2021.10.win32_1.0.0.202111181127/tools/bin/../lib/gcc/arm-none-eabi/10.3.1/thumb/v6-m/nofp\libgcc.a
LOAD d:/my/programs/stm32cubeide_1.9.0/stm32cubeide/plugins/com.st.stm32cube.ide.mcu.externaltools.gnu-tools-for-stm32.10.3-2021.10.win32_1.0.0.202111181127/tools/bin/../lib/gcc/arm-none-eabi/10.3.1/../../../../arm-none-eabi/lib/thumb/v6-m/nofp\libc_nano.a
END GROUP
START GROUP
LOAD d:/my/programs/stm32cubeide_1.9.0/stm32cubeide/plugins/com.st.stm32cube.ide.mcu.externaltools.gnu-tools-for-stm32.10.3-2021.10.win32_1.0.0.202111181127/tools/bin/../lib/gcc/arm-none-eabi/10.3.1/thumb/v6-m/nofp\libgcc.a
LOAD d:/my/programs/stm32cubeide_1.9.0/stm32cubeide/plugins/com.st.stm32cube.ide.mcu.externaltools.gnu-tools-for-stm32.10.3-2021.10.win32_1.0.0.202111181127/tools/bin/../lib/gcc/arm-none-eabi/10.3.1/../../../../arm-none-eabi/lib/thumb/v6-m/nofp\libc_nano.a
LOAD d:/my/programs/stm32cubeide_1.9.0/stm32cubeide/plugins/com.st.stm32cube.ide.mcu.externaltools.gnu-tools-for-stm32.10.3-2021.10.win32_1.0.0.202111181127/tools/bin/../lib/gcc/arm-none-eabi/10.3.1/../../../../arm-none-eabi/lib/thumb/v6-m/nofp\libnosys.a
END GROUP
START GROUP
LOAD d:/my/programs/stm32cubeide_1.9.0/stm32cubeide/plugins/com.st.stm32cube.ide.mcu.externaltools.gnu-tools-for-stm32.10.3-2021.10.win32_1.0.0.202111181127/tools/bin/../lib/gcc/arm-none-eabi/10.3.1/thumb/v6-m/nofp\libgcc.a
LOAD d:/my/programs/stm32cubeide_1.9.0/stm32cubeide/plugins/com.st.stm32cube.ide.mcu.externaltools.gnu-tools-for-stm32.10.3-2021.10.win32_1.0.0.202111181127/tools/bin/../lib/gcc/arm-none-eabi/10.3.1/../../../../arm-none-eabi/lib/thumb/v6-m/nofp\libc_nano.a
LOAD d:/my/programs/stm32cubeide_1.9.0/stm32cubeide/plugins/com.st.stm32cube.ide.mcu.externaltools.gnu-tools-for-stm32.10.3-2021.10.win32_1.0.0.202111181127/tools/bin/../lib/gcc/arm-none-eabi/10.3.1/../../../../arm-none-eabi/lib/thumb/v6-m/nofp\libnosys.a
END GROUP
LOAD d:/my/programs/stm32cubeide_1.9.0/stm32cubeide/plugins/com.st.stm32cube.ide.mcu.externaltools.gnu-tools-for-stm32.10.3-2021.10.win32_1.0.0.202111181127/tools/bin/../lib/gcc/arm-none-eabi/10.3.1/thumb/v6-m/nofp/crtend.o
LOAD d:/my/programs/stm32cubeide_1.9.0/stm32cubeide/plugins/com.st.stm32cube.ide.mcu.externaltools.gnu-tools-for-stm32.10.3-2021.10.win32_1.0.0.202111181127/tools/bin/../lib/gcc/arm-none-eabi/10.3.1/thumb/v6-m/nofp/crtn.o
                0x0000000020009000                _estack = (ORIGIN (RAM) + LENGTH (RAM))
                0x0000000000000200                _Min_Heap_Size = 0x200
                0x0000000000000400                _Min_Stack_Size = 0x400

.isr_vector     0x0000000008000000       0xbc
                0x0000000008000000                . = ALIGN (0x4)
 *(.isr_vector)
 .isr_vector    0x0000000008000000       0xbc ./Core/Startup/startup_stm32g071rbtx.o
                0x0000000008000000                g_pfnVectors
                0x00000000080000bc                . = ALIGN (0x4)

.text           0x00000000080000bc     0x51e0
                0x00000000080000bc                . = ALIGN (0x4)
 *(.text)
 .text          0x00000000080000bc       0x48 d:/my/programs/stm32cubeide_1.9.0/stm32cubeide/plugins/com.st.stm32cube.ide.mcu.externaltools.gnu-tools-for-stm32.10.3-2021.10.win32_1.0.0.202111181127/tools/bin/../lib/gcc/arm-none-eabi/10.3.1/thumb/v6-m/nofp/crtbegin.o
 .text          0x0000000008000104      0x114 d:/my/programs/stm32cubeide_1.9.0/stm32cubeide/plugins/com.st.stm32cube.ide.mcu.externaltools.gnu-tools-for-stm32.10.3-2021.10.win32_1.0.0.202111181127/tools/bin/../lib/gcc/arm-none-eabi/10.3.1/thumb/v6-m/nofp\libgcc.a(_udivsi3.o)
                0x0000000008000104                __aeabi_uidiv
                0x0000000008000104                __udivsi3
                0x0000000008000210                __aeabi_uidivmod
 .text          0x0000000008000218      0x1d4 d:/my/programs/stm32cubeide_1.9.0/stm32cubeide/plugins/com.st.stm32cube.ide.mcu.externaltools.gnu-tools-for-stm32.10.3-2021.10.win32_1.0.0.202111181127/tools/bin/../lib/gcc/arm-none-eabi/10.3.1/thumb/v6-m/nofp\libgcc.a(_divsi3.o)
                0x0000000008000218                __divsi3
                0x0000000008000218                __aeabi_idiv
                0x00000000080003e4                __aeabi_idivmod
 .text          0x00000000080003ec        0x4 d:/my/programs/stm32cubeide_1.9.0/stm32cubeide/plugins/com.st.stm32cube.ide.mcu.externaltools.gnu-tools-for-stm32.10.3-2021.10.win32_1.0.0.202111181127/tools/bin/../lib/gcc/arm-none-eabi/10.3.1/thumb/v6-m/nofp\libgcc.a(_dvmd_tls.o)
                0x00000000080003ec                __aeabi_idiv0
                0x00000000080003ec                __aeabi_ldiv0
 .text          0x00000000080003f0       0x40 d:/my/programs/stm32cubeide_1.9.0/stm32cubeide/plugins/com.st.stm32cube.ide.mcu.externaltools.gnu-tools-for-stm32.10.3-2021.10.win32_1.0.0.202111181127/tools/bin/../lib/gcc/arm-none-eabi/10.3.1/thumb/v6-m/nofp\libgcc.a(_aeabi_uldivmod.o)
                0x00000000080003f0                __aeabi_uldivmod
 .text          0x0000000008000430      0x198 d:/my/programs/stm32cubeide_1.9.0/stm32cubeide/plugins/com.st.stm32cube.ide.mcu.externaltools.gnu-tools-for-stm32.10.3-2021.10.win32_1.0.0.202111181127/tools/bin/../lib/gcc/arm-none-eabi/10.3.1/thumb/v6-m/nofp\libgcc.a(_udivmoddi4.o)
                0x0000000008000430                __udivmoddi4
 .text          0x00000000080005c8       0x18 d:/my/programs/stm32cubeide_1.9.0/stm32cubeide/plugins/com.st.stm32cube.ide.mcu.externaltools.gnu-tools-for-stm32.10.3-2021.10.win32_1.0.0.202111181127/tools/bin/../lib/gcc/arm-none-eabi/10.3.1/thumb/v6-m/nofp\libgcc.a(_clzdi2.o)
                0x00000000080005c8                __clzdi2
 .text          0x00000000080005e0       0x3c d:/my/programs/stm32cubeide_1.9.0/stm32cubeide/plugins/com.st.stm32cube.ide.mcu.externaltools.gnu-tools-for-stm32.10.3-2021.10.win32_1.0.0.202111181127/tools/bin/../lib/gcc/arm-none-eabi/10.3.1/thumb/v6-m/nofp\libgcc.a(_clzsi2.o)
                0x00000000080005e0                __clzsi2
 *(.text*)
 .text.mdbus_send_packet_it
                0x000000000800061c       0x28 ./Core/Src/main.o
                0x000000000800061c                mdbus_send_packet_it
 .text.mdbus_read_packet_it
                0x0000000008000644       0x28 ./Core/Src/main.o
                0x0000000008000644                mdbus_read_packet_it
 .text.HAL_TIM_PeriodElapsedCallback
                0x000000000800066c       0x14 ./Core/Src/main.o
                0x000000000800066c                HAL_TIM_PeriodElapsedCallback
 .text.HAL_UART_RxCpltCallback
                0x0000000008000680       0x20 ./Core/Src/main.o
                0x0000000008000680                HAL_UART_RxCpltCallback
 .text.main     0x00000000080006a0       0x40 ./Core/Src/main.o
                0x00000000080006a0                main
 .text.SystemClock_Config
                0x00000000080006e0       0xbe ./Core/Src/main.o
                0x00000000080006e0                SystemClock_Config
 *fill*         0x000000000800079e        0x2 
 .text.MX_TIM2_Init
                0x00000000080007a0       0xac ./Core/Src/main.o
 .text.MX_USART2_UART_Init
                0x000000000800084c       0x9c ./Core/Src/main.o
 .text.MX_GPIO_Init
                0x00000000080008e8       0xa0 ./Core/Src/main.o
 .text.Error_Handler
                0x0000000008000988        0xa ./Core/Src/main.o
                0x0000000008000988                Error_Handler
 *fill*         0x0000000008000992        0x2 
 .text.HAL_MspInit
                0x0000000008000994       0x50 ./Core/Src/stm32g0xx_hal_msp.o
                0x0000000008000994                HAL_MspInit
 .text.HAL_TIM_Base_MspInit
                0x00000000080009e4       0x48 ./Core/Src/stm32g0xx_hal_msp.o
                0x00000000080009e4                HAL_TIM_Base_MspInit
 .text.HAL_UART_MspInit
                0x0000000008000a2c       0xd0 ./Core/Src/stm32g0xx_hal_msp.o
                0x0000000008000a2c                HAL_UART_MspInit
 .text.NMI_Handler
                0x0000000008000afc        0x6 ./Core/Src/stm32g0xx_it.o
                0x0000000008000afc                NMI_Handler
 .text.HardFault_Handler
                0x0000000008000b02        0x6 ./Core/Src/stm32g0xx_it.o
                0x0000000008000b02                HardFault_Handler
 .text.SVC_Handler
                0x0000000008000b08        0xa ./Core/Src/stm32g0xx_it.o
                0x0000000008000b08                SVC_Handler
 .text.PendSV_Handler
                0x0000000008000b12        0xa ./Core/Src/stm32g0xx_it.o
                0x0000000008000b12                PendSV_Handler
 .text.SysTick_Handler
                0x0000000008000b1c        0xe ./Core/Src/stm32g0xx_it.o
                0x0000000008000b1c                SysTick_Handler
 *fill*         0x0000000008000b2a        0x2 
 .text.TIM2_IRQHandler
                0x0000000008000b2c       0x18 ./Core/Src/stm32g0xx_it.o
                0x0000000008000b2c                TIM2_IRQHandler
 .text.USART2_IRQHandler
                0x0000000008000b44       0x18 ./Core/Src/stm32g0xx_it.o
                0x0000000008000b44                USART2_IRQHandler
 .text.SystemInit
                0x0000000008000b5c        0xa ./Core/Src/system_stm32g0xx.o
                0x0000000008000b5c                SystemInit
 *fill*         0x0000000008000b66        0x2 
 .text.ring_buffer_is_empty
                0x0000000008000b68       0x2c ./Core/Src/mdbus_slave/circular_buffer.o
                0x0000000008000b68                ring_buffer_is_empty
 .text.ring_buffer_is_full
                0x0000000008000b94       0x3c ./Core/Src/mdbus_slave/circular_buffer.o
                0x0000000008000b94                ring_buffer_is_full
 .text.ring_buffer_init
                0x0000000008000bd0       0x28 ./Core/Src/mdbus_slave/circular_buffer.o
                0x0000000008000bd0                ring_buffer_init
 .text.ring_buffer_queue
                0x0000000008000bf8       0x5c ./Core/Src/mdbus_slave/circular_buffer.o
                0x0000000008000bf8                ring_buffer_queue
 .text.ring_buffer_queue_arr
                0x0000000008000c54       0x50 ./Core/Src/mdbus_slave/circular_buffer.o
                0x0000000008000c54                ring_buffer_queue_arr
 .text.ring_buffer_dequeue
                0x0000000008000ca4       0x4a ./Core/Src/mdbus_slave/circular_buffer.o
                0x0000000008000ca4                ring_buffer_dequeue
 .text.ring_buffer_dequeue_arr
                0x0000000008000cee       0x6a ./Core/Src/mdbus_slave/circular_buffer.o
                0x0000000008000cee                ring_buffer_dequeue_arr
 .text.mdbus_on_packet_send
                0x0000000008000d58       0x38 ./Core/Src/mdbus_slave/mdbus_slave.o
                0x0000000008000d58                mdbus_on_packet_send
 .text.mdbus_on_packet_receive
                0x0000000008000d90       0x34 ./Core/Src/mdbus_slave/mdbus_slave.o
                0x0000000008000d90                mdbus_on_packet_receive
 .text.mdbus_slave_run
                0x0000000008000dc4       0x5c ./Core/Src/mdbus_slave/mdbus_slave.o
                0x0000000008000dc4                mdbus_slave_run
 .text.mdbus_slave_configure
                0x0000000008000e20       0x44 ./Core/Src/mdbus_slave/mdbus_slave.o
                0x0000000008000e20                mdbus_slave_configure
 .text.idle     0x0000000008000e64       0x50 ./Core/Src/mdbus_slave/mdbus_slave.o
                0x0000000008000e64                idle
 .text.wait     0x0000000008000eb4       0x30 ./Core/Src/mdbus_slave/mdbus_slave.o
                0x0000000008000eb4                wait
 .text.func_adress
                0x0000000008000ee4       0x30 ./Core/Src/mdbus_slave/mdbus_slave.o
                0x0000000008000ee4                func_adress
 .text.error_unknown
                0x0000000008000f14        0xa ./Core/Src/mdbus_slave/mdbus_slave.o
                0x0000000008000f14                error_unknown
 .text.ok       0x0000000008000f1e        0xa ./Core/Src/mdbus_slave/mdbus_slave.o
                0x0000000008000f1e                ok
 .text.fail     0x0000000008000f28        0xa ./Core/Src/mdbus_slave/mdbus_slave.o
                0x0000000008000f28                fail
 .text.check_frame
                0x0000000008000f32        0xa ./Core/Src/mdbus_slave/mdbus_slave.o
                0x0000000008000f32                check_frame
 .text.func1    0x0000000008000f3c        0xa ./Core/Src/mdbus_slave/mdbus_slave.o
                0x0000000008000f3c                func1
 .text.func2    0x0000000008000f46        0xa ./Core/Src/mdbus_slave/mdbus_slave.o
                0x0000000008000f46                func2
 .text.Reset_Handler
                0x0000000008000f50       0x50 ./Core/Startup/startup_stm32g071rbtx.o
                0x0000000008000f50                Reset_Handler
 .text.Default_Handler
                0x0000000008000fa0        0x2 ./Core/Startup/startup_stm32g071rbtx.o
                0x0000000008000fa0                USART3_4_LPUART1_IRQHandler
                0x0000000008000fa0                TIM1_CC_IRQHandler
                0x0000000008000fa0                ADC1_COMP_IRQHandler
                0x0000000008000fa0                PVD_IRQHandler
                0x0000000008000fa0                I2C1_IRQHandler
                0x0000000008000fa0                TIM7_LPTIM2_IRQHandler
                0x0000000008000fa0                RTC_TAMP_IRQHandler
                0x0000000008000fa0                SPI1_IRQHandler
                0x0000000008000fa0                EXTI2_3_IRQHandler
                0x0000000008000fa0                I2C2_IRQHandler
                0x0000000008000fa0                TIM17_IRQHandler
                0x0000000008000fa0                TIM16_IRQHandler
                0x0000000008000fa0                TIM3_IRQHandler
                0x0000000008000fa0                EXTI4_15_IRQHandler
                0x0000000008000fa0                RCC_IRQHandler
                0x0000000008000fa0                DMA1_Channel1_IRQHandler
                0x0000000008000fa0                Default_Handler
                0x0000000008000fa0                CEC_IRQHandler
                0x0000000008000fa0                TIM14_IRQHandler
                0x0000000008000fa0                TIM15_IRQHandler
                0x0000000008000fa0                EXTI0_1_IRQHandler
                0x0000000008000fa0                SPI2_IRQHandler
                0x0000000008000fa0                TIM6_DAC_LPTIM1_IRQHandler
                0x0000000008000fa0                WWDG_IRQHandler
                0x0000000008000fa0                DMA1_Ch4_7_DMAMUX1_OVR_IRQHandler
                0x0000000008000fa0                DMA1_Channel2_3_IRQHandler
                0x0000000008000fa0                UCPD1_2_IRQHandler
                0x0000000008000fa0                FLASH_IRQHandler
                0x0000000008000fa0                USART1_IRQHandler
                0x0000000008000fa0                TIM1_BRK_UP_TRG_COM_IRQHandler
 *fill*         0x0000000008000fa2        0x2 
 .text.HAL_Init
                0x0000000008000fa4       0x40 ./Drivers/STM32G0xx_HAL_Driver/Src/stm32g0xx_hal.o
                0x0000000008000fa4                HAL_Init
 .text.HAL_InitTick
                0x0000000008000fe4       0x94 ./Drivers/STM32G0xx_HAL_Driver/Src/stm32g0xx_hal.o
                0x0000000008000fe4                HAL_InitTick
 .text.HAL_IncTick
                0x0000000008001078       0x24 ./Drivers/STM32G0xx_HAL_Driver/Src/stm32g0xx_hal.o
                0x0000000008001078                HAL_IncTick
 .text.HAL_GetTick
                0x000000000800109c       0x14 ./Drivers/STM32G0xx_HAL_Driver/Src/stm32g0xx_hal.o
                0x000000000800109c                HAL_GetTick
 .text.HAL_SYSCFG_StrobeDBattpinsConfig
                0x00000000080010b0       0x2c ./Drivers/STM32G0xx_HAL_Driver/Src/stm32g0xx_hal.o
                0x00000000080010b0                HAL_SYSCFG_StrobeDBattpinsConfig
 .text.__NVIC_EnableIRQ
                0x00000000080010dc       0x34 ./Drivers/STM32G0xx_HAL_Driver/Src/stm32g0xx_hal_cortex.o
 .text.__NVIC_SetPriority
                0x0000000008001110       0xdc ./Drivers/STM32G0xx_HAL_Driver/Src/stm32g0xx_hal_cortex.o
 .text.SysTick_Config
                0x00000000080011ec       0x48 ./Drivers/STM32G0xx_HAL_Driver/Src/stm32g0xx_hal_cortex.o
 .text.HAL_NVIC_SetPriority
                0x0000000008001234       0x2a ./Drivers/STM32G0xx_HAL_Driver/Src/stm32g0xx_hal_cortex.o
                0x0000000008001234                HAL_NVIC_SetPriority
 .text.HAL_NVIC_EnableIRQ
                0x000000000800125e       0x20 ./Drivers/STM32G0xx_HAL_Driver/Src/stm32g0xx_hal_cortex.o
                0x000000000800125e                HAL_NVIC_EnableIRQ
 .text.HAL_SYSTICK_Config
                0x000000000800127e       0x1a ./Drivers/STM32G0xx_HAL_Driver/Src/stm32g0xx_hal_cortex.o
                0x000000000800127e                HAL_SYSTICK_Config
 .text.HAL_DMA_Abort
                0x0000000008001298       0xc4 ./Drivers/STM32G0xx_HAL_Driver/Src/stm32g0xx_hal_dma.o
                0x0000000008001298                HAL_DMA_Abort
 .text.HAL_DMA_Abort_IT
                0x000000000800135c       0xd4 ./Drivers/STM32G0xx_HAL_Driver/Src/stm32g0xx_hal_dma.o
                0x000000000800135c                HAL_DMA_Abort_IT
 .text.HAL_GPIO_Init
                0x0000000008001430      0x2c8 ./Drivers/STM32G0xx_HAL_Driver/Src/stm32g0xx_hal_gpio.o
                0x0000000008001430                HAL_GPIO_Init
 .text.HAL_GPIO_WritePin
                0x00000000080016f8       0x3a ./Drivers/STM32G0xx_HAL_Driver/Src/stm32g0xx_hal_gpio.o
                0x00000000080016f8                HAL_GPIO_WritePin
 *fill*         0x0000000008001732        0x2 
 .text.HAL_PWREx_ControlVoltageScaling
                0x0000000008001734       0x80 ./Drivers/STM32G0xx_HAL_Driver/Src/stm32g0xx_hal_pwr_ex.o
                0x0000000008001734                HAL_PWREx_ControlVoltageScaling
 .text.LL_RCC_GetAPB1Prescaler
                0x00000000080017b4       0x18 ./Drivers/STM32G0xx_HAL_Driver/Src/stm32g0xx_hal_rcc.o
 .text.HAL_RCC_OscConfig
                0x00000000080017cc      0x634 ./Drivers/STM32G0xx_HAL_Driver/Src/stm32g0xx_hal_rcc.o
                0x00000000080017cc                HAL_RCC_OscConfig
 .text.HAL_RCC_ClockConfig
                0x0000000008001e00      0x210 ./Drivers/STM32G0xx_HAL_Driver/Src/stm32g0xx_hal_rcc.o
                0x0000000008001e00                HAL_RCC_ClockConfig
 .text.HAL_RCC_GetSysClockFreq
                0x0000000008002010      0x104 ./Drivers/STM32G0xx_HAL_Driver/Src/stm32g0xx_hal_rcc.o
                0x0000000008002010                HAL_RCC_GetSysClockFreq
 .text.HAL_RCC_GetHCLKFreq
                0x0000000008002114       0x14 ./Drivers/STM32G0xx_HAL_Driver/Src/stm32g0xx_hal_rcc.o
                0x0000000008002114                HAL_RCC_GetHCLKFreq
 .text.HAL_RCC_GetPCLK1Freq
                0x0000000008002128       0x2c ./Drivers/STM32G0xx_HAL_Driver/Src/stm32g0xx_hal_rcc.o
                0x0000000008002128                HAL_RCC_GetPCLK1Freq
 .text.HAL_RCCEx_PeriphCLKConfig
                0x0000000008002154      0x370 ./Drivers/STM32G0xx_HAL_Driver/Src/stm32g0xx_hal_rcc_ex.o
                0x0000000008002154                HAL_RCCEx_PeriphCLKConfig
 .text.HAL_TIM_Base_Init
                0x00000000080024c4       0xb0 ./Drivers/STM32G0xx_HAL_Driver/Src/stm32g0xx_hal_tim.o
                0x00000000080024c4                HAL_TIM_Base_Init
 .text.HAL_TIM_Base_Start_IT
                0x0000000008002574       0xb8 ./Drivers/STM32G0xx_HAL_Driver/Src/stm32g0xx_hal_tim.o
                0x0000000008002574                HAL_TIM_Base_Start_IT
 .text.HAL_TIM_IRQHandler
                0x000000000800262c      0x264 ./Drivers/STM32G0xx_HAL_Driver/Src/stm32g0xx_hal_tim.o
                0x000000000800262c                HAL_TIM_IRQHandler
 .text.HAL_TIM_ConfigClockSource
                0x0000000008002890      0x1ac ./Drivers/STM32G0xx_HAL_Driver/Src/stm32g0xx_hal_tim.o
                0x0000000008002890                HAL_TIM_ConfigClockSource
 .text.HAL_TIM_OC_DelayElapsedCallback
                0x0000000008002a3c       0x10 ./Drivers/STM32G0xx_HAL_Driver/Src/stm32g0xx_hal_tim.o
                0x0000000008002a3c                HAL_TIM_OC_DelayElapsedCallback
 .text.HAL_TIM_IC_CaptureCallback
                0x0000000008002a4c       0x10 ./Drivers/STM32G0xx_HAL_Driver/Src/stm32g0xx_hal_tim.o
                0x0000000008002a4c                HAL_TIM_IC_CaptureCallback
 .text.HAL_TIM_PWM_PulseFinishedCallback
                0x0000000008002a5c       0x10 ./Drivers/STM32G0xx_HAL_Driver/Src/stm32g0xx_hal_tim.o
                0x0000000008002a5c                HAL_TIM_PWM_PulseFinishedCallback
 .text.HAL_TIM_TriggerCallback
                0x0000000008002a6c       0x10 ./Drivers/STM32G0xx_HAL_Driver/Src/stm32g0xx_hal_tim.o
                0x0000000008002a6c                HAL_TIM_TriggerCallback
 .text.TIM_Base_SetConfig
                0x0000000008002a7c      0x100 ./Drivers/STM32G0xx_HAL_Driver/Src/stm32g0xx_hal_tim.o
                0x0000000008002a7c                TIM_Base_SetConfig
 .text.TIM_TI1_ConfigInputStage
                0x0000000008002b7c       0x5c ./Drivers/STM32G0xx_HAL_Driver/Src/stm32g0xx_hal_tim.o
 .text.TIM_TI2_ConfigInputStage
                0x0000000008002bd8       0x64 ./Drivers/STM32G0xx_HAL_Driver/Src/stm32g0xx_hal_tim.o
 .text.TIM_ITRx_SetConfig
                0x0000000008002c3c       0x38 ./Drivers/STM32G0xx_HAL_Driver/Src/stm32g0xx_hal_tim.o
 .text.TIM_ETR_SetConfig
                0x0000000008002c74       0x40 ./Drivers/STM32G0xx_HAL_Driver/Src/stm32g0xx_hal_tim.o
                0x0000000008002c74                TIM_ETR_SetConfig
 .text.HAL_TIMEx_MasterConfigSynchronization
                0x0000000008002cb4       0xdc ./Drivers/STM32G0xx_HAL_Driver/Src/stm32g0xx_hal_tim_ex.o
                0x0000000008002cb4                HAL_TIMEx_MasterConfigSynchronization
 .text.HAL_TIMEx_CommutCallback
                0x0000000008002d90       0x10 ./Drivers/STM32G0xx_HAL_Driver/Src/stm32g0xx_hal_tim_ex.o
                0x0000000008002d90                HAL_TIMEx_CommutCallback
 .text.HAL_TIMEx_BreakCallback
                0x0000000008002da0       0x10 ./Drivers/STM32G0xx_HAL_Driver/Src/stm32g0xx_hal_tim_ex.o
                0x0000000008002da0                HAL_TIMEx_BreakCallback
 .text.HAL_TIMEx_Break2Callback
                0x0000000008002db0       0x10 ./Drivers/STM32G0xx_HAL_Driver/Src/stm32g0xx_hal_tim_ex.o
                0x0000000008002db0                HAL_TIMEx_Break2Callback
 .text.HAL_UART_Init
                0x0000000008002dc0       0xac ./Drivers/STM32G0xx_HAL_Driver/Src/stm32g0xx_hal_uart.o
                0x0000000008002dc0                HAL_UART_Init
 .text.HAL_UART_Transmit_IT
                0x0000000008002e6c      0x178 ./Drivers/STM32G0xx_HAL_Driver/Src/stm32g0xx_hal_uart.o
                0x0000000008002e6c                HAL_UART_Transmit_IT
 .text.HAL_UART_Receive_IT
                0x0000000008002fe4       0xd4 ./Drivers/STM32G0xx_HAL_Driver/Src/stm32g0xx_hal_uart.o
                0x0000000008002fe4                HAL_UART_Receive_IT
 .text.HAL_UART_IRQHandler
                0x00000000080030b8      0x634 ./Drivers/STM32G0xx_HAL_Driver/Src/stm32g0xx_hal_uart.o
                0x00000000080030b8                HAL_UART_IRQHandler
 .text.HAL_UART_TxCpltCallback
                0x00000000080036ec       0x10 ./Drivers/STM32G0xx_HAL_Driver/Src/stm32g0xx_hal_uart.o
                0x00000000080036ec                HAL_UART_TxCpltCallback
 .text.HAL_UART_ErrorCallback
                0x00000000080036fc       0x10 ./Drivers/STM32G0xx_HAL_Driver/Src/stm32g0xx_hal_uart.o
                0x00000000080036fc                HAL_UART_ErrorCallback
 .text.HAL_UARTEx_RxEventCallback
                0x000000000800370c       0x16 ./Drivers/STM32G0xx_HAL_Driver/Src/stm32g0xx_hal_uart.o
                0x000000000800370c                HAL_UARTEx_RxEventCallback
 *fill*         0x0000000008003722        0x2 
 .text.UART_SetConfig
                0x0000000008003724      0x57c ./Drivers/STM32G0xx_HAL_Driver/Src/stm32g0xx_hal_uart.o
                0x0000000008003724                UART_SetConfig
 .text.UART_AdvFeatureConfig
                0x0000000008003ca0      0x168 ./Drivers/STM32G0xx_HAL_Driver/Src/stm32g0xx_hal_uart.o
                0x0000000008003ca0                UART_AdvFeatureConfig
 .text.UART_CheckIdleState
                0x0000000008003e08       0x94 ./Drivers/STM32G0xx_HAL_Driver/Src/stm32g0xx_hal_uart.o
                0x0000000008003e08                UART_CheckIdleState
 .text.UART_WaitOnFlagUntilTimeout
                0x0000000008003e9c      0x190 ./Drivers/STM32G0xx_HAL_Driver/Src/stm32g0xx_hal_uart.o
                0x0000000008003e9c                UART_WaitOnFlagUntilTimeout
 .text.UART_Start_Receive_IT
                0x000000000800402c      0x258 ./Drivers/STM32G0xx_HAL_Driver/Src/stm32g0xx_hal_uart.o
                0x000000000800402c                UART_Start_Receive_IT
 .text.UART_EndRxTransfer
                0x0000000008004284       0xcc ./Drivers/STM32G0xx_HAL_Driver/Src/stm32g0xx_hal_uart.o
 .text.UART_DMAAbortOnError
                0x0000000008004350       0x2e ./Drivers/STM32G0xx_HAL_Driver/Src/stm32g0xx_hal_uart.o
 .text.UART_TxISR_8BIT
                0x000000000800437e       0xb4 ./Drivers/STM32G0xx_HAL_Driver/Src/stm32g0xx_hal_uart.o
 .text.UART_TxISR_16BIT
                0x0000000008004432       0xbe ./Drivers/STM32G0xx_HAL_Driver/Src/stm32g0xx_hal_uart.o
 .text.UART_TxISR_8BIT_FIFOEN
                0x00000000080044f0       0xec ./Drivers/STM32G0xx_HAL_Driver/Src/stm32g0xx_hal_uart.o
 .text.UART_TxISR_16BIT_FIFOEN
                0x00000000080045dc       0xf4 ./Drivers/STM32G0xx_HAL_Driver/Src/stm32g0xx_hal_uart.o
 .text.UART_EndTransmit_IT
                0x00000000080046d0       0x58 ./Drivers/STM32G0xx_HAL_Driver/Src/stm32g0xx_hal_uart.o
 .text.UART_RxISR_8BIT
                0x0000000008004728      0x16c ./Drivers/STM32G0xx_HAL_Driver/Src/stm32g0xx_hal_uart.o
 .text.UART_RxISR_16BIT
                0x0000000008004894      0x16c ./Drivers/STM32G0xx_HAL_Driver/Src/stm32g0xx_hal_uart.o
 .text.UART_RxISR_8BIT_FIFOEN
                0x0000000008004a00      0x2e4 ./Drivers/STM32G0xx_HAL_Driver/Src/stm32g0xx_hal_uart.o
 .text.UART_RxISR_16BIT_FIFOEN
                0x0000000008004ce4      0x2e4 ./Drivers/STM32G0xx_HAL_Driver/Src/stm32g0xx_hal_uart.o
 .text.HAL_UARTEx_WakeupCallback
                0x0000000008004fc8       0x10 ./Drivers/STM32G0xx_HAL_Driver/Src/stm32g0xx_hal_uart_ex.o
                0x0000000008004fc8                HAL_UARTEx_WakeupCallback
 .text.HAL_UARTEx_RxFifoFullCallback
                0x0000000008004fd8       0x10 ./Drivers/STM32G0xx_HAL_Driver/Src/stm32g0xx_hal_uart_ex.o
                0x0000000008004fd8                HAL_UARTEx_RxFifoFullCallback
 .text.HAL_UARTEx_TxFifoEmptyCallback
                0x0000000008004fe8       0x10 ./Drivers/STM32G0xx_HAL_Driver/Src/stm32g0xx_hal_uart_ex.o
                0x0000000008004fe8                HAL_UARTEx_TxFifoEmptyCallback
 .text.HAL_UARTEx_DisableFifoMode
                0x0000000008004ff8       0x74 ./Drivers/STM32G0xx_HAL_Driver/Src/stm32g0xx_hal_uart_ex.o
                0x0000000008004ff8                HAL_UARTEx_DisableFifoMode
 .text.HAL_UARTEx_SetTxFifoThreshold
                0x000000000800506c       0x7e ./Drivers/STM32G0xx_HAL_Driver/Src/stm32g0xx_hal_uart_ex.o
                0x000000000800506c                HAL_UARTEx_SetTxFifoThreshold
 *fill*         0x00000000080050ea        0x2 
 .text.HAL_UARTEx_SetRxFifoThreshold
                0x00000000080050ec       0x84 ./Drivers/STM32G0xx_HAL_Driver/Src/stm32g0xx_hal_uart_ex.o
                0x00000000080050ec                HAL_UARTEx_SetRxFifoThreshold
 .text.UARTEx_SetNbDataToProcess
                0x0000000008005170       0xbc ./Drivers/STM32G0xx_HAL_Driver/Src/stm32g0xx_hal_uart_ex.o
 .text.__libc_init_array
                0x000000000800522c       0x48 d:/my/programs/stm32cubeide_1.9.0/stm32cubeide/plugins/com.st.stm32cube.ide.mcu.externaltools.gnu-tools-for-stm32.10.3-2021.10.win32_1.0.0.202111181127/tools/bin/../lib/gcc/arm-none-eabi/10.3.1/../../../../arm-none-eabi/lib/thumb/v6-m/nofp\libc_nano.a(lib_a-init.o)
                0x000000000800522c                __libc_init_array
 .text.memset   0x0000000008005274       0x10 d:/my/programs/stm32cubeide_1.9.0/stm32cubeide/plugins/com.st.stm32cube.ide.mcu.externaltools.gnu-tools-for-stm32.10.3-2021.10.win32_1.0.0.202111181127/tools/bin/../lib/gcc/arm-none-eabi/10.3.1/../../../../arm-none-eabi/lib/thumb/v6-m/nofp\libc_nano.a(lib_a-memset.o)
                0x0000000008005274                memset
 *(.glue_7)
 .glue_7        0x0000000008005284        0x0 linker stubs
 *(.glue_7t)
 .glue_7t       0x0000000008005284        0x0 linker stubs
 *(.eh_frame)
 .eh_frame      0x0000000008005284        0x0 d:/my/programs/stm32cubeide_1.9.0/stm32cubeide/plugins/com.st.stm32cube.ide.mcu.externaltools.gnu-tools-for-stm32.10.3-2021.10.win32_1.0.0.202111181127/tools/bin/../lib/gcc/arm-none-eabi/10.3.1/thumb/v6-m/nofp/crtbegin.o
 *(.init)
 .init          0x0000000008005284        0x4 d:/my/programs/stm32cubeide_1.9.0/stm32cubeide/plugins/com.st.stm32cube.ide.mcu.externaltools.gnu-tools-for-stm32.10.3-2021.10.win32_1.0.0.202111181127/tools/bin/../lib/gcc/arm-none-eabi/10.3.1/thumb/v6-m/nofp/crti.o
                0x0000000008005284                _init
 .init          0x0000000008005288        0x8 d:/my/programs/stm32cubeide_1.9.0/stm32cubeide/plugins/com.st.stm32cube.ide.mcu.externaltools.gnu-tools-for-stm32.10.3-2021.10.win32_1.0.0.202111181127/tools/bin/../lib/gcc/arm-none-eabi/10.3.1/thumb/v6-m/nofp/crtn.o
 *(.fini)
 .fini          0x0000000008005290        0x4 d:/my/programs/stm32cubeide_1.9.0/stm32cubeide/plugins/com.st.stm32cube.ide.mcu.externaltools.gnu-tools-for-stm32.10.3-2021.10.win32_1.0.0.202111181127/tools/bin/../lib/gcc/arm-none-eabi/10.3.1/thumb/v6-m/nofp/crti.o
                0x0000000008005290                _fini
 .fini          0x0000000008005294        0x8 d:/my/programs/stm32cubeide_1.9.0/stm32cubeide/plugins/com.st.stm32cube.ide.mcu.externaltools.gnu-tools-for-stm32.10.3-2021.10.win32_1.0.0.202111181127/tools/bin/../lib/gcc/arm-none-eabi/10.3.1/thumb/v6-m/nofp/crtn.o
                0x000000000800529c                . = ALIGN (0x4)
                0x000000000800529c                _etext = .

.vfp11_veneer   0x000000000800529c        0x0
 .vfp11_veneer  0x000000000800529c        0x0 linker stubs

.v4_bx          0x000000000800529c        0x0
 .v4_bx         0x000000000800529c        0x0 linker stubs

.iplt           0x000000000800529c        0x0
 .iplt          0x000000000800529c        0x0 d:/my/programs/stm32cubeide_1.9.0/stm32cubeide/plugins/com.st.stm32cube.ide.mcu.externaltools.gnu-tools-for-stm32.10.3-2021.10.win32_1.0.0.202111181127/tools/bin/../lib/gcc/arm-none-eabi/10.3.1/thumb/v6-m/nofp/crtbegin.o

.rodata         0x000000000800529c       0xac
                0x000000000800529c                . = ALIGN (0x4)
 *(.rodata)
 *(.rodata*)
 .rodata.AHBPrescTable
                0x000000000800529c       0x40 ./Core/Src/system_stm32g0xx.o
                0x000000000800529c                AHBPrescTable
 .rodata.APBPrescTable
                0x00000000080052dc       0x20 ./Core/Src/system_stm32g0xx.o
                0x00000000080052dc                APBPrescTable
 .rodata.mdbus_slave_run
                0x00000000080052fc       0x24 ./Core/Src/mdbus_slave/mdbus_slave.o
 .rodata.UARTPrescTable
                0x0000000008005320       0x18 ./Drivers/STM32G0xx_HAL_Driver/Src/stm32g0xx_hal_uart.o
                0x0000000008005320                UARTPrescTable
 .rodata.numerator.1
                0x0000000008005338        0x8 ./Drivers/STM32G0xx_HAL_Driver/Src/stm32g0xx_hal_uart_ex.o
 .rodata.denominator.0
                0x0000000008005340        0x8 ./Drivers/STM32G0xx_HAL_Driver/Src/stm32g0xx_hal_uart_ex.o
                0x0000000008005348                . = ALIGN (0x4)

.ARM.extab      0x0000000008005348        0x0
                0x0000000008005348                . = ALIGN (0x4)
 *(.ARM.extab* .gnu.linkonce.armextab.*)
                0x0000000008005348                . = ALIGN (0x4)

.ARM            0x0000000008005348        0x8
                0x0000000008005348                . = ALIGN (0x4)
                0x0000000008005348                __exidx_start = .
 *(.ARM.exidx*)
 .ARM.exidx     0x0000000008005348        0x8 d:/my/programs/stm32cubeide_1.9.0/stm32cubeide/plugins/com.st.stm32cube.ide.mcu.externaltools.gnu-tools-for-stm32.10.3-2021.10.win32_1.0.0.202111181127/tools/bin/../lib/gcc/arm-none-eabi/10.3.1/thumb/v6-m/nofp\libgcc.a(_udivmoddi4.o)
                0x0000000008005350                __exidx_end = .
                0x0000000008005350                . = ALIGN (0x4)

.rel.dyn        0x0000000008005350        0x0
 .rel.iplt      0x0000000008005350        0x0 d:/my/programs/stm32cubeide_1.9.0/stm32cubeide/plugins/com.st.stm32cube.ide.mcu.externaltools.gnu-tools-for-stm32.10.3-2021.10.win32_1.0.0.202111181127/tools/bin/../lib/gcc/arm-none-eabi/10.3.1/thumb/v6-m/nofp/crtbegin.o

.preinit_array  0x0000000008005350        0x0
                0x0000000008005350                . = ALIGN (0x4)
                0x0000000008005350                PROVIDE (__preinit_array_start = .)
 *(.preinit_array*)
                0x0000000008005350                PROVIDE (__preinit_array_end = .)
                0x0000000008005350                . = ALIGN (0x4)

.init_array     0x0000000008005350        0x4
                0x0000000008005350                . = ALIGN (0x4)
                0x0000000008005350                PROVIDE (__init_array_start = .)
 *(SORT_BY_NAME(.init_array.*))
 *(.init_array*)
 .init_array    0x0000000008005350        0x4 d:/my/programs/stm32cubeide_1.9.0/stm32cubeide/plugins/com.st.stm32cube.ide.mcu.externaltools.gnu-tools-for-stm32.10.3-2021.10.win32_1.0.0.202111181127/tools/bin/../lib/gcc/arm-none-eabi/10.3.1/thumb/v6-m/nofp/crtbegin.o
                0x0000000008005354                PROVIDE (__init_array_end = .)
                0x0000000008005354                . = ALIGN (0x4)

.fini_array     0x0000000008005354        0x4
                0x0000000008005354                . = ALIGN (0x4)
                [!provide]                        PROVIDE (__fini_array_start = .)
 *(SORT_BY_NAME(.fini_array.*))
 *(.fini_array*)
 .fini_array    0x0000000008005354        0x4 d:/my/programs/stm32cubeide_1.9.0/stm32cubeide/plugins/com.st.stm32cube.ide.mcu.externaltools.gnu-tools-for-stm32.10.3-2021.10.win32_1.0.0.202111181127/tools/bin/../lib/gcc/arm-none-eabi/10.3.1/thumb/v6-m/nofp/crtbegin.o
                [!provide]                        PROVIDE (__fini_array_end = .)
                0x0000000008005358                . = ALIGN (0x4)
                0x0000000008005358                _sidata = LOADADDR (.data)

.data           0x0000000020000000       0x10 load address 0x0000000008005358
                0x0000000020000000                . = ALIGN (0x4)
                0x0000000020000000                _sdata = .
 *(.data)
 *(.data*)
 .data.SystemCoreClock
                0x0000000020000000        0x4 ./Core/Src/system_stm32g0xx.o
                0x0000000020000000                SystemCoreClock
 .data.m_adress
                0x0000000020000004        0x1 ./Core/Src/mdbus_slave/mdbus_slave.o
                0x0000000020000004                m_adress
 *fill*         0x0000000020000005        0x3 
 .data.uwTickPrio
                0x0000000020000008        0x4 ./Drivers/STM32G0xx_HAL_Driver/Src/stm32g0xx_hal.o
                0x0000000020000008                uwTickPrio
 .data.uwTickFreq
                0x000000002000000c        0x1 ./Drivers/STM32G0xx_HAL_Driver/Src/stm32g0xx_hal.o
                0x000000002000000c                uwTickFreq
 *(.RamFunc)
 *(.RamFunc*)
                0x0000000020000010                . = ALIGN (0x4)
 *fill*         0x000000002000000d        0x3 
                0x0000000020000010                _edata = .

.igot.plt       0x0000000020000010        0x0 load address 0x0000000008005368
 .igot.plt      0x0000000020000010        0x0 d:/my/programs/stm32cubeide_1.9.0/stm32cubeide/plugins/com.st.stm32cube.ide.mcu.externaltools.gnu-tools-for-stm32.10.3-2021.10.win32_1.0.0.202111181127/tools/bin/../lib/gcc/arm-none-eabi/10.3.1/thumb/v6-m/nofp/crtbegin.o
                0x0000000020000010                . = ALIGN (0x4)

.bss            0x0000000020000010      0x908 load address 0x0000000008005368
                0x0000000020000010                _sbss = .
                0x0000000020000010                __bss_start__ = _sbss
 *(.bss)
 .bss           0x0000000020000010       0x1c d:/my/programs/stm32cubeide_1.9.0/stm32cubeide/plugins/com.st.stm32cube.ide.mcu.externaltools.gnu-tools-for-stm32.10.3-2021.10.win32_1.0.0.202111181127/tools/bin/../lib/gcc/arm-none-eabi/10.3.1/thumb/v6-m/nofp/crtbegin.o
 *(.bss*)
 .bss.htim2     0x000000002000002c       0x4c ./Core/Src/main.o
                0x000000002000002c                htim2
 .bss.huart2    0x0000000020000078       0x90 ./Core/Src/main.o
                0x0000000020000078                huart2
 .bss.receivedData
                0x0000000020000108        0x1 ./Core/Src/main.o
                0x0000000020000108                receivedData
 *fill*         0x0000000020000109        0x3 
 .bss.m_message_queue_send
                0x000000002000010c      0x402 ./Core/Src/mdbus_slave/mdbus_slave.o
                0x000000002000010c                m_message_queue_send
 *fill*         0x000000002000050e        0x2 
 .bss.m_message_queue_receive
                0x0000000020000510      0x402 ./Core/Src/mdbus_slave/mdbus_slave.o
                0x0000000020000510                m_message_queue_receive
 .bss.m_mdbus_state
                0x0000000020000912        0x1 ./Core/Src/mdbus_slave/mdbus_slave.o
                0x0000000020000912                m_mdbus_state
 *fill*         0x0000000020000913        0x1 
 .bss.uwTick    0x0000000020000914        0x4 ./Drivers/STM32G0xx_HAL_Driver/Src/stm32g0xx_hal.o
                0x0000000020000914                uwTick
 *(COMMON)
                0x0000000020000918                . = ALIGN (0x4)
                0x0000000020000918                _ebss = .
                0x0000000020000918                __bss_end__ = _ebss

._user_heap_stack
                0x0000000020000918      0x600 load address 0x0000000008005368
                0x0000000020000918                . = ALIGN (0x8)
                [!provide]                        PROVIDE (end = .)
                0x0000000020000918                PROVIDE (_end = .)
                0x0000000020000b18                . = (. + _Min_Heap_Size)
 *fill*         0x0000000020000918      0x200 
                0x0000000020000f18                . = (. + _Min_Stack_Size)
 *fill*         0x0000000020000b18      0x400 
                0x0000000020000f18                . = ALIGN (0x8)

/DISCARD/
 libc.a(*)
 libm.a(*)
 libgcc.a(*)

.ARM.attributes
                0x0000000000000000       0x28
 *(.ARM.attributes)
 .ARM.attributes
                0x0000000000000000       0x1e d:/my/programs/stm32cubeide_1.9.0/stm32cubeide/plugins/com.st.stm32cube.ide.mcu.externaltools.gnu-tools-for-stm32.10.3-2021.10.win32_1.0.0.202111181127/tools/bin/../lib/gcc/arm-none-eabi/10.3.1/thumb/v6-m/nofp/crti.o
 .ARM.attributes
                0x000000000000001e       0x2c d:/my/programs/stm32cubeide_1.9.0/stm32cubeide/plugins/com.st.stm32cube.ide.mcu.externaltools.gnu-tools-for-stm32.10.3-2021.10.win32_1.0.0.202111181127/tools/bin/../lib/gcc/arm-none-eabi/10.3.1/thumb/v6-m/nofp/crtbegin.o
 .ARM.attributes
                0x000000000000004a       0x2c ./Core/Src/main.o
 .ARM.attributes
                0x0000000000000076       0x2c ./Core/Src/stm32g0xx_hal_msp.o
 .ARM.attributes
                0x00000000000000a2       0x2c ./Core/Src/stm32g0xx_it.o
 .ARM.attributes
                0x00000000000000ce       0x2c ./Core/Src/system_stm32g0xx.o
 .ARM.attributes
                0x00000000000000fa       0x2c ./Core/Src/mdbus_slave/circular_buffer.o
 .ARM.attributes
                0x0000000000000126       0x2c ./Core/Src/mdbus_slave/mdbus_slave.o
 .ARM.attributes
                0x0000000000000152       0x22 ./Core/Startup/startup_stm32g071rbtx.o
 .ARM.attributes
                0x0000000000000174       0x2c ./Drivers/STM32G0xx_HAL_Driver/Src/stm32g0xx_hal.o
 .ARM.attributes
                0x00000000000001a0       0x2c ./Drivers/STM32G0xx_HAL_Driver/Src/stm32g0xx_hal_cortex.o
 .ARM.attributes
                0x00000000000001cc       0x2c ./Drivers/STM32G0xx_HAL_Driver/Src/stm32g0xx_hal_dma.o
 .ARM.attributes
                0x00000000000001f8       0x2c ./Drivers/STM32G0xx_HAL_Driver/Src/stm32g0xx_hal_gpio.o
 .ARM.attributes
                0x0000000000000224       0x2c ./Drivers/STM32G0xx_HAL_Driver/Src/stm32g0xx_hal_pwr_ex.o
 .ARM.attributes
                0x0000000000000250       0x2c ./Drivers/STM32G0xx_HAL_Driver/Src/stm32g0xx_hal_rcc.o
 .ARM.attributes
                0x000000000000027c       0x2c ./Drivers/STM32G0xx_HAL_Driver/Src/stm32g0xx_hal_rcc_ex.o
 .ARM.attributes
                0x00000000000002a8       0x2c ./Drivers/STM32G0xx_HAL_Driver/Src/stm32g0xx_hal_tim.o
 .ARM.attributes
                0x00000000000002d4       0x2c ./Drivers/STM32G0xx_HAL_Driver/Src/stm32g0xx_hal_tim_ex.o
 .ARM.attributes
                0x0000000000000300       0x2c ./Drivers/STM32G0xx_HAL_Driver/Src/stm32g0xx_hal_uart.o
 .ARM.attributes
                0x000000000000032c       0x2c ./Drivers/STM32G0xx_HAL_Driver/Src/stm32g0xx_hal_uart_ex.o
 .ARM.attributes
                0x0000000000000358       0x2c d:/my/programs/stm32cubeide_1.9.0/stm32cubeide/plugins/com.st.stm32cube.ide.mcu.externaltools.gnu-tools-for-stm32.10.3-2021.10.win32_1.0.0.202111181127/tools/bin/../lib/gcc/arm-none-eabi/10.3.1/../../../../arm-none-eabi/lib/thumb/v6-m/nofp\libc_nano.a(lib_a-init.o)
 .ARM.attributes
                0x0000000000000384       0x2c d:/my/programs/stm32cubeide_1.9.0/stm32cubeide/plugins/com.st.stm32cube.ide.mcu.externaltools.gnu-tools-for-stm32.10.3-2021.10.win32_1.0.0.202111181127/tools/bin/../lib/gcc/arm-none-eabi/10.3.1/../../../../arm-none-eabi/lib/thumb/v6-m/nofp\libc_nano.a(lib_a-memset.o)
 .ARM.attributes
                0x00000000000003b0       0x1e d:/my/programs/stm32cubeide_1.9.0/stm32cubeide/plugins/com.st.stm32cube.ide.mcu.externaltools.gnu-tools-for-stm32.10.3-2021.10.win32_1.0.0.202111181127/tools/bin/../lib/gcc/arm-none-eabi/10.3.1/thumb/v6-m/nofp\libgcc.a(_udivsi3.o)
 .ARM.attributes
                0x00000000000003ce       0x1e d:/my/programs/stm32cubeide_1.9.0/stm32cubeide/plugins/com.st.stm32cube.ide.mcu.externaltools.gnu-tools-for-stm32.10.3-2021.10.win32_1.0.0.202111181127/tools/bin/../lib/gcc/arm-none-eabi/10.3.1/thumb/v6-m/nofp\libgcc.a(_divsi3.o)
 .ARM.attributes
                0x00000000000003ec       0x1e d:/my/programs/stm32cubeide_1.9.0/stm32cubeide/plugins/com.st.stm32cube.ide.mcu.externaltools.gnu-tools-for-stm32.10.3-2021.10.win32_1.0.0.202111181127/tools/bin/../lib/gcc/arm-none-eabi/10.3.1/thumb/v6-m/nofp\libgcc.a(_dvmd_tls.o)
 .ARM.attributes
                0x000000000000040a       0x1e d:/my/programs/stm32cubeide_1.9.0/stm32cubeide/plugins/com.st.stm32cube.ide.mcu.externaltools.gnu-tools-for-stm32.10.3-2021.10.win32_1.0.0.202111181127/tools/bin/../lib/gcc/arm-none-eabi/10.3.1/thumb/v6-m/nofp\libgcc.a(_aeabi_uldivmod.o)
 .ARM.attributes
                0x0000000000000428       0x2c d:/my/programs/stm32cubeide_1.9.0/stm32cubeide/plugins/com.st.stm32cube.ide.mcu.externaltools.gnu-tools-for-stm32.10.3-2021.10.win32_1.0.0.202111181127/tools/bin/../lib/gcc/arm-none-eabi/10.3.1/thumb/v6-m/nofp\libgcc.a(_udivmoddi4.o)
 .ARM.attributes
                0x0000000000000454       0x1e d:/my/programs/stm32cubeide_1.9.0/stm32cubeide/plugins/com.st.stm32cube.ide.mcu.externaltools.gnu-tools-for-stm32.10.3-2021.10.win32_1.0.0.202111181127/tools/bin/../lib/gcc/arm-none-eabi/10.3.1/thumb/v6-m/nofp\libgcc.a(_clzdi2.o)
 .ARM.attributes
                0x0000000000000472       0x1e d:/my/programs/stm32cubeide_1.9.0/stm32cubeide/plugins/com.st.stm32cube.ide.mcu.externaltools.gnu-tools-for-stm32.10.3-2021.10.win32_1.0.0.202111181127/tools/bin/../lib/gcc/arm-none-eabi/10.3.1/thumb/v6-m/nofp\libgcc.a(_clzsi2.o)
 .ARM.attributes
                0x0000000000000490       0x1e d:/my/programs/stm32cubeide_1.9.0/stm32cubeide/plugins/com.st.stm32cube.ide.mcu.externaltools.gnu-tools-for-stm32.10.3-2021.10.win32_1.0.0.202111181127/tools/bin/../lib/gcc/arm-none-eabi/10.3.1/thumb/v6-m/nofp/crtn.o
OUTPUT(Nucleo_config.elf elf32-littlearm)
LOAD linker stubs
LOAD d:/my/programs/stm32cubeide_1.9.0/stm32cubeide/plugins/com.st.stm32cube.ide.mcu.externaltools.gnu-tools-for-stm32.10.3-2021.10.win32_1.0.0.202111181127/tools/bin/../lib/gcc/arm-none-eabi/10.3.1/../../../../arm-none-eabi/lib/thumb/v6-m/nofp\libc.a
LOAD d:/my/programs/stm32cubeide_1.9.0/stm32cubeide/plugins/com.st.stm32cube.ide.mcu.externaltools.gnu-tools-for-stm32.10.3-2021.10.win32_1.0.0.202111181127/tools/bin/../lib/gcc/arm-none-eabi/10.3.1/../../../../arm-none-eabi/lib/thumb/v6-m/nofp\libm.a
LOAD d:/my/programs/stm32cubeide_1.9.0/stm32cubeide/plugins/com.st.stm32cube.ide.mcu.externaltools.gnu-tools-for-stm32.10.3-2021.10.win32_1.0.0.202111181127/tools/bin/../lib/gcc/arm-none-eabi/10.3.1/thumb/v6-m/nofp\libgcc.a

.debug_info     0x0000000000000000    0x11c8d
 .debug_info    0x0000000000000000     0x1443 ./Core/Src/main.o
 .debug_info    0x0000000000001443     0x11a1 ./Core/Src/stm32g0xx_hal_msp.o
 .debug_info    0x00000000000025e4      0xbf6 ./Core/Src/stm32g0xx_it.o
 .debug_info    0x00000000000031da      0x34d ./Core/Src/system_stm32g0xx.o
 .debug_info    0x0000000000003527      0x32a ./Core/Src/mdbus_slave/circular_buffer.o
 .debug_info    0x0000000000003851      0x3f6 ./Core/Src/mdbus_slave/mdbus_slave.o
 .debug_info    0x0000000000003c47       0x22 ./Core/Startup/startup_stm32g071rbtx.o
 .debug_info    0x0000000000003c69      0xa85 ./Drivers/STM32G0xx_HAL_Driver/Src/stm32g0xx_hal.o
 .debug_info    0x00000000000046ee      0x90d ./Drivers/STM32G0xx_HAL_Driver/Src/stm32g0xx_hal_cortex.o
 .debug_info    0x0000000000004ffb      0x8d6 ./Drivers/STM32G0xx_HAL_Driver/Src/stm32g0xx_hal_dma.o
 .debug_info    0x00000000000058d1      0x61f ./Drivers/STM32G0xx_HAL_Driver/Src/stm32g0xx_hal_gpio.o
 .debug_info    0x0000000000005ef0      0x801 ./Drivers/STM32G0xx_HAL_Driver/Src/stm32g0xx_hal_pwr_ex.o
 .debug_info    0x00000000000066f1      0xb6a ./Drivers/STM32G0xx_HAL_Driver/Src/stm32g0xx_hal_rcc.o
 .debug_info    0x000000000000725b      0x82b ./Drivers/STM32G0xx_HAL_Driver/Src/stm32g0xx_hal_rcc_ex.o
 .debug_info    0x0000000000007a86     0x2e23 ./Drivers/STM32G0xx_HAL_Driver/Src/stm32g0xx_hal_tim.o
 .debug_info    0x000000000000a8a9     0x1a27 ./Drivers/STM32G0xx_HAL_Driver/Src/stm32g0xx_hal_tim_ex.o
 .debug_info    0x000000000000c2d0     0x49cc ./Drivers/STM32G0xx_HAL_Driver/Src/stm32g0xx_hal_uart.o
 .debug_info    0x0000000000010c9c      0xff1 ./Drivers/STM32G0xx_HAL_Driver/Src/stm32g0xx_hal_uart_ex.o

.debug_abbrev   0x0000000000000000     0x25e7
 .debug_abbrev  0x0000000000000000      0x2ce ./Core/Src/main.o
 .debug_abbrev  0x00000000000002ce      0x1f6 ./Core/Src/stm32g0xx_hal_msp.o
 .debug_abbrev  0x00000000000004c4      0x1ad ./Core/Src/stm32g0xx_it.o
 .debug_abbrev  0x0000000000000671      0x116 ./Core/Src/system_stm32g0xx.o
 .debug_abbrev  0x0000000000000787      0x165 ./Core/Src/mdbus_slave/circular_buffer.o
 .debug_abbrev  0x00000000000008ec      0x1e1 ./Core/Src/mdbus_slave/mdbus_slave.o
 .debug_abbrev  0x0000000000000acd       0x12 ./Core/Startup/startup_stm32g071rbtx.o
 .debug_abbrev  0x0000000000000adf      0x2a9 ./Drivers/STM32G0xx_HAL_Driver/Src/stm32g0xx_hal.o
 .debug_abbrev  0x0000000000000d88      0x29f ./Drivers/STM32G0xx_HAL_Driver/Src/stm32g0xx_hal_cortex.o
 .debug_abbrev  0x0000000000001027      0x21b ./Drivers/STM32G0xx_HAL_Driver/Src/stm32g0xx_hal_dma.o
 .debug_abbrev  0x0000000000001242      0x1b9 ./Drivers/STM32G0xx_HAL_Driver/Src/stm32g0xx_hal_gpio.o
 .debug_abbrev  0x00000000000013fb      0x232 ./Drivers/STM32G0xx_HAL_Driver/Src/stm32g0xx_hal_pwr_ex.o
 .debug_abbrev  0x000000000000162d      0x2a3 ./Drivers/STM32G0xx_HAL_Driver/Src/stm32g0xx_hal_rcc.o
 .debug_abbrev  0x00000000000018d0      0x21a ./Drivers/STM32G0xx_HAL_Driver/Src/stm32g0xx_hal_rcc_ex.o
 .debug_abbrev  0x0000000000001aea      0x286 ./Drivers/STM32G0xx_HAL_Driver/Src/stm32g0xx_hal_tim.o
 .debug_abbrev  0x0000000000001d70      0x292 ./Drivers/STM32G0xx_HAL_Driver/Src/stm32g0xx_hal_tim_ex.o
 .debug_abbrev  0x0000000000002002      0x310 ./Drivers/STM32G0xx_HAL_Driver/Src/stm32g0xx_hal_uart.o
 .debug_abbrev  0x0000000000002312      0x2d5 ./Drivers/STM32G0xx_HAL_Driver/Src/stm32g0xx_hal_uart_ex.o

.debug_aranges  0x0000000000000000      0xf48
 .debug_aranges
                0x0000000000000000       0x68 ./Core/Src/main.o
 .debug_aranges
                0x0000000000000068       0x40 ./Core/Src/stm32g0xx_hal_msp.o
 .debug_aranges
                0x00000000000000a8       0x50 ./Core/Src/stm32g0xx_it.o
 .debug_aranges
                0x00000000000000f8       0x28 ./Core/Src/system_stm32g0xx.o
 .debug_aranges
                0x0000000000000120       0x60 ./Core/Src/mdbus_slave/circular_buffer.o
 .debug_aranges
                0x0000000000000180       0x88 ./Core/Src/mdbus_slave/mdbus_slave.o
 .debug_aranges
                0x0000000000000208       0x28 ./Core/Startup/startup_stm32g071rbtx.o
 .debug_aranges
                0x0000000000000230      0x120 ./Drivers/STM32G0xx_HAL_Driver/Src/stm32g0xx_hal.o
 .debug_aranges
                0x0000000000000350       0xd8 ./Drivers/STM32G0xx_HAL_Driver/Src/stm32g0xx_hal_cortex.o
 .debug_aranges
                0x0000000000000428       0x90 ./Drivers/STM32G0xx_HAL_Driver/Src/stm32g0xx_hal_dma.o
 .debug_aranges
                0x00000000000004b8       0x60 ./Drivers/STM32G0xx_HAL_Driver/Src/stm32g0xx_hal_gpio.o
 .debug_aranges
                0x0000000000000518       0xf0 ./Drivers/STM32G0xx_HAL_Driver/Src/stm32g0xx_hal_pwr_ex.o
 .debug_aranges
                0x0000000000000608       0xa0 ./Drivers/STM32G0xx_HAL_Driver/Src/stm32g0xx_hal_rcc.o
 .debug_aranges
                0x00000000000006a8       0x40 ./Drivers/STM32G0xx_HAL_Driver/Src/stm32g0xx_hal_rcc_ex.o
 .debug_aranges
                0x00000000000006e8      0x3e0 ./Drivers/STM32G0xx_HAL_Driver/Src/stm32g0xx_hal_tim.o
 .debug_aranges
                0x0000000000000ac8      0x198 ./Drivers/STM32G0xx_HAL_Driver/Src/stm32g0xx_hal_tim_ex.o
 .debug_aranges
                0x0000000000000c60      0x248 ./Drivers/STM32G0xx_HAL_Driver/Src/stm32g0xx_hal_uart.o
 .debug_aranges
                0x0000000000000ea8       0xa0 ./Drivers/STM32G0xx_HAL_Driver/Src/stm32g0xx_hal_uart_ex.o

.debug_ranges   0x0000000000000000      0xe60
 .debug_ranges  0x0000000000000000       0x58 ./Core/Src/main.o
 .debug_ranges  0x0000000000000058       0x30 ./Core/Src/stm32g0xx_hal_msp.o
 .debug_ranges  0x0000000000000088       0x40 ./Core/Src/stm32g0xx_it.o
 .debug_ranges  0x00000000000000c8       0x18 ./Core/Src/system_stm32g0xx.o
 .debug_ranges  0x00000000000000e0       0x50 ./Core/Src/mdbus_slave/circular_buffer.o
 .debug_ranges  0x0000000000000130       0x78 ./Core/Src/mdbus_slave/mdbus_slave.o
 .debug_ranges  0x00000000000001a8       0x20 ./Core/Startup/startup_stm32g071rbtx.o
 .debug_ranges  0x00000000000001c8      0x110 ./Drivers/STM32G0xx_HAL_Driver/Src/stm32g0xx_hal.o
 .debug_ranges  0x00000000000002d8       0xc8 ./Drivers/STM32G0xx_HAL_Driver/Src/stm32g0xx_hal_cortex.o
 .debug_ranges  0x00000000000003a0       0x80 ./Drivers/STM32G0xx_HAL_Driver/Src/stm32g0xx_hal_dma.o
 .debug_ranges  0x0000000000000420       0x50 ./Drivers/STM32G0xx_HAL_Driver/Src/stm32g0xx_hal_gpio.o
 .debug_ranges  0x0000000000000470       0xe0 ./Drivers/STM32G0xx_HAL_Driver/Src/stm32g0xx_hal_pwr_ex.o
 .debug_ranges  0x0000000000000550       0x90 ./Drivers/STM32G0xx_HAL_Driver/Src/stm32g0xx_hal_rcc.o
 .debug_ranges  0x00000000000005e0       0x30 ./Drivers/STM32G0xx_HAL_Driver/Src/stm32g0xx_hal_rcc_ex.o
 .debug_ranges  0x0000000000000610      0x3d0 ./Drivers/STM32G0xx_HAL_Driver/Src/stm32g0xx_hal_tim.o
 .debug_ranges  0x00000000000009e0      0x188 ./Drivers/STM32G0xx_HAL_Driver/Src/stm32g0xx_hal_tim_ex.o
 .debug_ranges  0x0000000000000b68      0x268 ./Drivers/STM32G0xx_HAL_Driver/Src/stm32g0xx_hal_uart.o
 .debug_ranges  0x0000000000000dd0       0x90 ./Drivers/STM32G0xx_HAL_Driver/Src/stm32g0xx_hal_uart_ex.o

.debug_macro    0x0000000000000000    0x18a40
 .debug_macro   0x0000000000000000      0x2c3 ./Core/Src/main.o
 .debug_macro   0x00000000000002c3      0xa4e ./Core/Src/main.o
 .debug_macro   0x0000000000000d11      0x11d ./Core/Src/main.o
 .debug_macro   0x0000000000000e2e       0x2e ./Core/Src/main.o
 .debug_macro   0x0000000000000e5c       0x28 ./Core/Src/main.o
 .debug_macro   0x0000000000000e84       0x22 ./Core/Src/main.o
 .debug_macro   0x0000000000000ea6       0x8e ./Core/Src/main.o
 .debug_macro   0x0000000000000f34       0x51 ./Core/Src/main.o
 .debug_macro   0x0000000000000f85      0x103 ./Core/Src/main.o
 .debug_macro   0x0000000000001088       0x6a ./Core/Src/main.o
 .debug_macro   0x00000000000010f2      0x1df ./Core/Src/main.o
 .debug_macro   0x00000000000012d1       0x1c ./Core/Src/main.o
 .debug_macro   0x00000000000012ed       0x22 ./Core/Src/main.o
 .debug_macro   0x000000000000130f       0xd1 ./Core/Src/main.o
 .debug_macro   0x00000000000013e0      0x4da ./Core/Src/main.o
 .debug_macro   0x00000000000018ba      0x11f ./Core/Src/main.o
 .debug_macro   0x00000000000019d9     0xc730 ./Core/Src/main.o
 .debug_macro   0x000000000000e109       0x66 ./Core/Src/main.o
 .debug_macro   0x000000000000e16f     0x34fd ./Core/Src/main.o
 .debug_macro   0x000000000001166c      0x174 ./Core/Src/main.o
 .debug_macro   0x00000000000117e0       0x5c ./Core/Src/main.o
 .debug_macro   0x000000000001183c      0x56c ./Core/Src/main.o
 .debug_macro   0x0000000000011da8     0x10d5 ./Core/Src/main.o
 .debug_macro   0x0000000000012e7d      0x264 ./Core/Src/main.o
 .debug_macro   0x00000000000130e1      0x1cf ./Core/Src/main.o
 .debug_macro   0x00000000000132b0      0x1d8 ./Core/Src/main.o
 .debug_macro   0x0000000000013488      0x426 ./Core/Src/main.o
 .debug_macro   0x00000000000138ae      0x280 ./Core/Src/main.o
 .debug_macro   0x0000000000013b2e      0x3a7 ./Core/Src/main.o
 .debug_macro   0x0000000000013ed5      0x1b2 ./Core/Src/main.o
 .debug_macro   0x0000000000014087       0x43 ./Core/Src/main.o
 .debug_macro   0x00000000000140ca      0x1f1 ./Core/Src/main.o
 .debug_macro   0x00000000000142bb      0x1d6 ./Core/Src/main.o
 .debug_macro   0x0000000000014491      0x38a ./Core/Src/main.o
 .debug_macro   0x000000000001481b       0x28 ./Core/Src/main.o
 .debug_macro   0x0000000000014843       0xe4 ./Core/Src/main.o
 .debug_macro   0x0000000000014927      0x125 ./Core/Src/main.o
 .debug_macro   0x0000000000014a4c      0x240 ./Core/Src/main.o
 .debug_macro   0x0000000000014c8c      0xac9 ./Core/Src/main.o
 .debug_macro   0x0000000000015755      0x1a1 ./Core/Src/main.o
 .debug_macro   0x00000000000158f6      0x67e ./Core/Src/main.o
 .debug_macro   0x0000000000015f74       0xa6 ./Core/Src/main.o
 .debug_macro   0x000000000001601a      0x4f2 ./Core/Src/main.o
 .debug_macro   0x000000000001650c       0x4c ./Core/Src/main.o
 .debug_macro   0x0000000000016558       0x18 ./Core/Src/main.o
 .debug_macro   0x0000000000016570       0x52 ./Core/Src/main.o
 .debug_macro   0x00000000000165c2       0x3c ./Core/Src/main.o
 .debug_macro   0x00000000000165fe       0x34 ./Core/Src/main.o
 .debug_macro   0x0000000000016632       0x16 ./Core/Src/main.o
 .debug_macro   0x0000000000016648       0x35 ./Core/Src/main.o
 .debug_macro   0x000000000001667d       0x16 ./Core/Src/main.o
 .debug_macro   0x0000000000016693       0x43 ./Core/Src/main.o
 .debug_macro   0x00000000000166d6       0x34 ./Core/Src/main.o
 .debug_macro   0x000000000001670a       0x10 ./Core/Src/main.o
 .debug_macro   0x000000000001671a       0x58 ./Core/Src/main.o
 .debug_macro   0x0000000000016772       0x71 ./Core/Src/main.o
 .debug_macro   0x00000000000167e3       0x1c ./Core/Src/main.o
 .debug_macro   0x00000000000167ff      0x12a ./Core/Src/main.o
 .debug_macro   0x0000000000016929      0x341 ./Core/Src/main.o
 .debug_macro   0x0000000000016c6a       0x16 ./Core/Src/main.o
 .debug_macro   0x0000000000016c80       0x29 ./Core/Src/main.o
 .debug_macro   0x0000000000016ca9       0x10 ./Core/Src/main.o
 .debug_macro   0x0000000000016cb9      0x1ee ./Core/Src/stm32g0xx_hal_msp.o
 .debug_macro   0x0000000000016ea7      0x1f8 ./Core/Src/stm32g0xx_it.o
 .debug_macro   0x000000000001709f      0x1df ./Core/Src/system_stm32g0xx.o
 .debug_macro   0x000000000001727e       0x7b ./Core/Src/mdbus_slave/circular_buffer.o
 .debug_macro   0x00000000000172f9       0x10 ./Core/Src/mdbus_slave/circular_buffer.o
 .debug_macro   0x0000000000017309      0x162 ./Core/Src/mdbus_slave/mdbus_slave.o
 .debug_macro   0x000000000001746b       0x10 ./Core/Src/mdbus_slave/mdbus_slave.o
 .debug_macro   0x000000000001747b       0x20 ./Core/Src/mdbus_slave/mdbus_slave.o
 .debug_macro   0x000000000001749b       0x22 ./Core/Src/mdbus_slave/mdbus_slave.o
 .debug_macro   0x00000000000174bd      0x203 ./Drivers/STM32G0xx_HAL_Driver/Src/stm32g0xx_hal.o
 .debug_macro   0x00000000000176c0      0x1df ./Drivers/STM32G0xx_HAL_Driver/Src/stm32g0xx_hal_cortex.o
 .debug_macro   0x000000000001789f      0x1df ./Drivers/STM32G0xx_HAL_Driver/Src/stm32g0xx_hal_dma.o
 .debug_macro   0x0000000000017a7e      0x1e6 ./Drivers/STM32G0xx_HAL_Driver/Src/stm32g0xx_hal_gpio.o
 .debug_macro   0x0000000000017c64      0x209 ./Drivers/STM32G0xx_HAL_Driver/Src/stm32g0xx_hal_pwr_ex.o
 .debug_macro   0x0000000000017e6d      0x21b ./Drivers/STM32G0xx_HAL_Driver/Src/stm32g0xx_hal_rcc.o
 .debug_macro   0x0000000000018088      0x1f7 ./Drivers/STM32G0xx_HAL_Driver/Src/stm32g0xx_hal_rcc_ex.o
 .debug_macro   0x000000000001827f      0x1e7 ./Drivers/STM32G0xx_HAL_Driver/Src/stm32g0xx_hal_tim.o
 .debug_macro   0x0000000000018466      0x1e5 ./Drivers/STM32G0xx_HAL_Driver/Src/stm32g0xx_hal_tim_ex.o
 .debug_macro   0x000000000001864b      0x20a ./Drivers/STM32G0xx_HAL_Driver/Src/stm32g0xx_hal_uart.o
 .debug_macro   0x0000000000018855      0x1eb ./Drivers/STM32G0xx_HAL_Driver/Src/stm32g0xx_hal_uart_ex.o

.debug_line     0x0000000000000000    0x11f2e
 .debug_line    0x0000000000000000      0xa50 ./Core/Src/main.o
 .debug_line    0x0000000000000a50      0x7bc ./Core/Src/stm32g0xx_hal_msp.o
 .debug_line    0x000000000000120c      0x7b3 ./Core/Src/stm32g0xx_it.o
 .debug_line    0x00000000000019bf      0x791 ./Core/Src/system_stm32g0xx.o
 .debug_line    0x0000000000002150      0x544 ./Core/Src/mdbus_slave/circular_buffer.o
 .debug_line    0x0000000000002694      0x6bc ./Core/Src/mdbus_slave/mdbus_slave.o
 .debug_line    0x0000000000002d50       0x89 ./Core/Startup/startup_stm32g071rbtx.o
 .debug_line    0x0000000000002dd9      0xac7 ./Drivers/STM32G0xx_HAL_Driver/Src/stm32g0xx_hal.o
 .debug_line    0x00000000000038a0      0xb48 ./Drivers/STM32G0xx_HAL_Driver/Src/stm32g0xx_hal_cortex.o
 .debug_line    0x00000000000043e8      0xd68 ./Drivers/STM32G0xx_HAL_Driver/Src/stm32g0xx_hal_dma.o
 .debug_line    0x0000000000005150      0xb34 ./Drivers/STM32G0xx_HAL_Driver/Src/stm32g0xx_hal_gpio.o
 .debug_line    0x0000000000005c84      0xaac ./Drivers/STM32G0xx_HAL_Driver/Src/stm32g0xx_hal_pwr_ex.o
 .debug_line    0x0000000000006730      0xef2 ./Drivers/STM32G0xx_HAL_Driver/Src/stm32g0xx_hal_rcc.o
 .debug_line    0x0000000000007622      0xd03 ./Drivers/STM32G0xx_HAL_Driver/Src/stm32g0xx_hal_rcc_ex.o
 .debug_line    0x0000000000008325     0x3c1e ./Drivers/STM32G0xx_HAL_Driver/Src/stm32g0xx_hal_tim.o
 .debug_line    0x000000000000bf43     0x1c65 ./Drivers/STM32G0xx_HAL_Driver/Src/stm32g0xx_hal_tim_ex.o
 .debug_line    0x000000000000dba8     0x3580 ./Drivers/STM32G0xx_HAL_Driver/Src/stm32g0xx_hal_uart.o
 .debug_line    0x0000000000011128      0xe06 ./Drivers/STM32G0xx_HAL_Driver/Src/stm32g0xx_hal_uart_ex.o

.debug_str      0x0000000000000000    0xa032c
 .debug_str     0x0000000000000000    0x9c67c ./Core/Src/main.o
                                      0x9cc97 (size before relaxing)
 .debug_str     0x000000000009c67c      0x41a ./Core/Src/stm32g0xx_hal_msp.o
                                      0x99d9a (size before relaxing)
 .debug_str     0x000000000009ca96       0xcb ./Core/Src/stm32g0xx_it.o
                                      0x998bc (size before relaxing)
 .debug_str     0x000000000009cb61       0x8e ./Core/Src/system_stm32g0xx.o
                                      0x98fdf (size before relaxing)
 .debug_str     0x000000000009cbef      0x191 ./Core/Src/mdbus_slave/circular_buffer.o
                                       0x3fd4 (size before relaxing)
 .debug_str     0x000000000009cd80      0x1b3 ./Core/Src/mdbus_slave/mdbus_slave.o
                                       0x6f7c (size before relaxing)
 .debug_str     0x000000000009cf33       0x36 ./Core/Startup/startup_stm32g071rbtx.o
                                         0x8e (size before relaxing)
 .debug_str     0x000000000009cf69      0x541 ./Drivers/STM32G0xx_HAL_Driver/Src/stm32g0xx_hal.o
                                      0x997dc (size before relaxing)
 .debug_str     0x000000000009d4aa      0x267 ./Drivers/STM32G0xx_HAL_Driver/Src/stm32g0xx_hal_cortex.o
                                      0x9946e (size before relaxing)
 .debug_str     0x000000000009d711      0x2ba ./Drivers/STM32G0xx_HAL_Driver/Src/stm32g0xx_hal_dma.o
                                      0x99479 (size before relaxing)
 .debug_str     0x000000000009d9cb      0x151 ./Drivers/STM32G0xx_HAL_Driver/Src/stm32g0xx_hal_gpio.o
                                      0x99128 (size before relaxing)
 .debug_str     0x000000000009db1c      0x38b ./Drivers/STM32G0xx_HAL_Driver/Src/stm32g0xx_hal_pwr_ex.o
                                      0x9946c (size before relaxing)
 .debug_str     0x000000000009dea7      0x357 ./Drivers/STM32G0xx_HAL_Driver/Src/stm32g0xx_hal_rcc.o
                                      0x99602 (size before relaxing)
 .debug_str     0x000000000009e1fe      0x185 ./Drivers/STM32G0xx_HAL_Driver/Src/stm32g0xx_hal_rcc_ex.o
                                      0x993a9 (size before relaxing)
 .debug_str     0x000000000009e383      0xdf7 ./Drivers/STM32G0xx_HAL_Driver/Src/stm32g0xx_hal_tim.o
                                      0x9a511 (size before relaxing)
 .debug_str     0x000000000009f17a      0x5f9 ./Drivers/STM32G0xx_HAL_Driver/Src/stm32g0xx_hal_tim_ex.o
                                      0x99eaf (size before relaxing)
 .debug_str     0x000000000009f773      0x96f ./Drivers/STM32G0xx_HAL_Driver/Src/stm32g0xx_hal_uart.o
                                      0x99f82 (size before relaxing)
 .debug_str     0x00000000000a00e2      0x24a ./Drivers/STM32G0xx_HAL_Driver/Src/stm32g0xx_hal_uart_ex.o
                                      0x99827 (size before relaxing)

.comment        0x0000000000000000       0x50
 .comment       0x0000000000000000       0x50 ./Core/Src/main.o
                                         0x51 (size before relaxing)
 .comment       0x0000000000000050       0x51 ./Core/Src/stm32g0xx_hal_msp.o
 .comment       0x0000000000000050       0x51 ./Core/Src/stm32g0xx_it.o
 .comment       0x0000000000000050       0x51 ./Core/Src/system_stm32g0xx.o
 .comment       0x0000000000000050       0x51 ./Core/Src/mdbus_slave/circular_buffer.o
 .comment       0x0000000000000050       0x51 ./Core/Src/mdbus_slave/mdbus_slave.o
 .comment       0x0000000000000050       0x51 ./Drivers/STM32G0xx_HAL_Driver/Src/stm32g0xx_hal.o
 .comment       0x0000000000000050       0x51 ./Drivers/STM32G0xx_HAL_Driver/Src/stm32g0xx_hal_cortex.o
 .comment       0x0000000000000050       0x51 ./Drivers/STM32G0xx_HAL_Driver/Src/stm32g0xx_hal_dma.o
 .comment       0x0000000000000050       0x51 ./Drivers/STM32G0xx_HAL_Driver/Src/stm32g0xx_hal_gpio.o
 .comment       0x0000000000000050       0x51 ./Drivers/STM32G0xx_HAL_Driver/Src/stm32g0xx_hal_pwr_ex.o
 .comment       0x0000000000000050       0x51 ./Drivers/STM32G0xx_HAL_Driver/Src/stm32g0xx_hal_rcc.o
 .comment       0x0000000000000050       0x51 ./Drivers/STM32G0xx_HAL_Driver/Src/stm32g0xx_hal_rcc_ex.o
 .comment       0x0000000000000050       0x51 ./Drivers/STM32G0xx_HAL_Driver/Src/stm32g0xx_hal_tim.o
 .comment       0x0000000000000050       0x51 ./Drivers/STM32G0xx_HAL_Driver/Src/stm32g0xx_hal_tim_ex.o
 .comment       0x0000000000000050       0x51 ./Drivers/STM32G0xx_HAL_Driver/Src/stm32g0xx_hal_uart.o
 .comment       0x0000000000000050       0x51 ./Drivers/STM32G0xx_HAL_Driver/Src/stm32g0xx_hal_uart_ex.o

.debug_frame    0x0000000000000000     0x3718
 .debug_frame   0x0000000000000000      0x144 ./Core/Src/main.o
 .debug_frame   0x0000000000000144       0xb0 ./Core/Src/stm32g0xx_hal_msp.o
 .debug_frame   0x00000000000001f4       0xd4 ./Core/Src/stm32g0xx_it.o
 .debug_frame   0x00000000000002c8       0x4c ./Core/Src/system_stm32g0xx.o
 .debug_frame   0x0000000000000314      0x130 ./Core/Src/mdbus_slave/circular_buffer.o
 .debug_frame   0x0000000000000444      0x1b0 ./Core/Src/mdbus_slave/mdbus_slave.o
 .debug_frame   0x00000000000005f4      0x3dc ./Drivers/STM32G0xx_HAL_Driver/Src/stm32g0xx_hal.o
 .debug_frame   0x00000000000009d0      0x2fc ./Drivers/STM32G0xx_HAL_Driver/Src/stm32g0xx_hal_cortex.o
 .debug_frame   0x0000000000000ccc      0x1f0 ./Drivers/STM32G0xx_HAL_Driver/Src/stm32g0xx_hal_dma.o
 .debug_frame   0x0000000000000ebc      0x130 ./Drivers/STM32G0xx_HAL_Driver/Src/stm32g0xx_hal_gpio.o
 .debug_frame   0x0000000000000fec      0x32c ./Drivers/STM32G0xx_HAL_Driver/Src/stm32g0xx_hal_pwr_ex.o
 .debug_frame   0x0000000000001318      0x214 ./Drivers/STM32G0xx_HAL_Driver/Src/stm32g0xx_hal_rcc.o
 .debug_frame   0x000000000000152c       0xb0 ./Drivers/STM32G0xx_HAL_Driver/Src/stm32g0xx_hal_rcc_ex.o
 .debug_frame   0x00000000000015dc      0xf40 ./Drivers/STM32G0xx_HAL_Driver/Src/stm32g0xx_hal_tim.o
 .debug_frame   0x000000000000251c      0x620 ./Drivers/STM32G0xx_HAL_Driver/Src/stm32g0xx_hal_tim_ex.o
 .debug_frame   0x0000000000002b3c      0x8d8 ./Drivers/STM32G0xx_HAL_Driver/Src/stm32g0xx_hal_uart.o
 .debug_frame   0x0000000000003414      0x23c ./Drivers/STM32G0xx_HAL_Driver/Src/stm32g0xx_hal_uart_ex.o
 .debug_frame   0x0000000000003650       0x2c d:/my/programs/stm32cubeide_1.9.0/stm32cubeide/plugins/com.st.stm32cube.ide.mcu.externaltools.gnu-tools-for-stm32.10.3-2021.10.win32_1.0.0.202111181127/tools/bin/../lib/gcc/arm-none-eabi/10.3.1/../../../../arm-none-eabi/lib/thumb/v6-m/nofp\libc_nano.a(lib_a-init.o)
 .debug_frame   0x000000000000367c       0x20 d:/my/programs/stm32cubeide_1.9.0/stm32cubeide/plugins/com.st.stm32cube.ide.mcu.externaltools.gnu-tools-for-stm32.10.3-2021.10.win32_1.0.0.202111181127/tools/bin/../lib/gcc/arm-none-eabi/10.3.1/../../../../arm-none-eabi/lib/thumb/v6-m/nofp\libc_nano.a(lib_a-memset.o)
 .debug_frame   0x000000000000369c       0x20 d:/my/programs/stm32cubeide_1.9.0/stm32cubeide/plugins/com.st.stm32cube.ide.mcu.externaltools.gnu-tools-for-stm32.10.3-2021.10.win32_1.0.0.202111181127/tools/bin/../lib/gcc/arm-none-eabi/10.3.1/thumb/v6-m/nofp\libgcc.a(_udivsi3.o)
 .debug_frame   0x00000000000036bc       0x20 d:/my/programs/stm32cubeide_1.9.0/stm32cubeide/plugins/com.st.stm32cube.ide.mcu.externaltools.gnu-tools-for-stm32.10.3-2021.10.win32_1.0.0.202111181127/tools/bin/../lib/gcc/arm-none-eabi/10.3.1/thumb/v6-m/nofp\libgcc.a(_divsi3.o)
 .debug_frame   0x00000000000036dc       0x3c d:/my/programs/stm32cubeide_1.9.0/stm32cubeide/plugins/com.st.stm32cube.ide.mcu.externaltools.gnu-tools-for-stm32.10.3-2021.10.win32_1.0.0.202111181127/tools/bin/../lib/gcc/arm-none-eabi/10.3.1/thumb/v6-m/nofp\libgcc.a(_udivmoddi4.o)
