../Core/Src/main.c:64:6:mdbus_send_packet_it	16	static
../Core/Src/main.c:69:6:mdbus_read_packet_it	16	static
../Core/Src/main.c:78:6:HAL_TIM_PeriodElapsedCallback	16	static
../Core/Src/main.c:84:6:HAL_UART_RxCpltCallback	16	static
../Core/Src/main.c:95:5:main	8	static
../Core/Src/main.c:148:6:SystemClock_Config	88	static
../Core/Src/main.c:195:13:MX_TIM2_Init	40	static
../Core/Src/main.c:240:13:MX_USART2_UART_Init	8	static
../Core/Src/main.c:288:13:MX_GPIO_Init	48	static
../Core/Src/main.c:317:6:Error_Handler	8	static,ignoring_inline_asm
