../Core/Src/mdbus_master/mdbus_master.c:15:6:mdbus_master_run	8	static
../Core/Src/mdbus_master/mdbus_master.c:43:6:mdbus_make_packet	24	static
../Core/Src/mdbus_master/mdbus_master.c:57:6:mdbus_master_configure	8	static
../Core/Src/mdbus_master/mdbus_master.c:62:6:idle	64	static
../Core/Src/mdbus_master/mdbus_master.c:70:6:emision_start	72	static
../Core/Src/mdbus_master/mdbus_master.c:81:6:emision	8	static
../Core/Src/mdbus_master/mdbus_master.c:85:6:emision_end	8	static
../Core/Src/mdbus_master/mdbus_master.c:89:6:reception	8	static
../Core/Src/mdbus_master/mdbus_master.c:93:6:wait_end_of_frame	8	static
../Core/Src/mdbus_master/mdbus_master.c:97:6:bad_mdbus_state	8	static
